Component: ARM Compiler 5.05 update 1 (build 106) Tool: armlink [4d0efa]

==============================================================================

Section Cross References

    main.o(.text) refers to delay.o(.text) for delay_init
    main.o(.text) refers to timer.o(.text) for TIM5_Init
    main.o(.text) refers to ultrasonic.o(.text) for TIM13_Init
    main.o(.text) refers to led.o(.text) for LED_Init
    main.o(.text) refers to key_matrix.o(.text) for Key_Init
    main.o(.text) refers to uartlink.o(.text) for UartInit
    main.o(.text) refers to oled.o(.text) for OLED_Init
    main.o(.text) refers to pwm.o(.text) for PWM_Init
    main.o(.text) refers to qei.o(.text) for PID_Init
    main.o(.text) refers to invert_pend.o(.text) for EncoderPID_Init
    main.o(.text) refers to rs485.o(.text) for RS485_Init
    main.o(.text) refers to nrf24l01.o(.text) for NRF24L01_Init
    main.o(.text) refers to mynvic.o(.text) for MyNVIC_Init
    main.o(.text) refers to invert_pend.o(.bss) for Encoder_PID
    main.o(.text) refers to qei.o(.bss) for LeftSpeedCtr
    system_stm32f4xx.o(.text) refers to system_stm32f4xx.o(.data) for SystemCoreClock
    led.o(.text) refers to stm32f4xx_rcc.o(.text) for RCC_AHB1PeriphClockCmd
    led.o(.text) refers to stm32f4xx_gpio.o(.text) for GPIO_Init
    adc.o(.text) refers to stm32f4xx_rcc.o(.text) for RCC_AHB1PeriphClockCmd
    adc.o(.text) refers to stm32f4xx_gpio.o(.text) for GPIO_Init
    adc.o(.text) refers to stm32f4xx_adc.o(.text) for ADC_CommonInit
    adc.o(.text) refers to delay.o(.text) for delay_ms
    iic.o(.text) refers to stm32f4xx_rcc.o(.text) for RCC_AHB1PeriphClockCmd
    iic.o(.text) refers to stm32f4xx_gpio.o(.text) for GPIO_Init
    dcmi.o(.text) refers to delay.o(.text) for delay_us
    dcmi.o(.text) refers to stm32f4xx_rcc.o(.text) for RCC_AHB1PeriphClockCmd
    dcmi.o(.text) refers to stm32f4xx_gpio.o(.text) for GPIO_Init
    dcmi.o(.text) refers to stm32f4xx_dcmi.o(.text) for DCMI_Init
    dcmi.o(.text) refers to mynvic.o(.text) for MyNVIC_Init
    dcmi.o(.text) refers to stm32f4xx_dma.o(.text) for DMA_DeInit
    dcmi.o(.text) refers to dcmi.o(.data) for ov7620_reg
    dcmi.o(.text) refers to dcmi.o(.bss) for Image
    ledbuz.o(.text) refers to stm32f4xx_rcc.o(.text) for RCC_AHB1PeriphClockCmd
    ledbuz.o(.text) refers to stm32f4xx_gpio.o(.text) for GPIO_Init
    ledbuz.o(.text) refers to rtc.o(.text) for checkdelay_ms
    ledbuz.o(.text) refers to ledbuz.o(.bss) for SetTime
    ledbuz.o(.text) refers to ledbuz.o(.data) for RedMode
    dmp_driver.o(.text) refers to dmp_mpu6050.o(.text) for mpu_load_firmware
    dmp_driver.o(.text) refers to dmp_driver.o(.constdata) for dmp_memory
    dmp_driver.o(.text) refers to dmp_driver.o(.bss) for dmp
    dmp_driver.o(.text) refers to aeabi_memset.o(.text) for __aeabi_memset
    dmp_mpu6050.o(.text) refers to iic.o(.text) for AnBT_DMP_I2C_Write
    dmp_mpu6050.o(.text) refers to dmp_mpu6050.o(.data) for st
    dmp_mpu6050.o(.text) refers to dmp_mpu6050.o(.constdata) for test
    dmp_mpu6050.o(.text) refers to llsdiv.o(.text) for __aeabi_ldivmod
    dmp_mpu6050.o(.text) refers to f2d.o(x$fpl$f2d) for __aeabi_f2d
    dmp_mpu6050.o(.text) refers to fabs.o(i.__hardfp_fabs) for __hardfp_fabs
    dmp_mpu6050.o(.text) refers to drleqf.o(x$fpl$drleqf) for __aeabi_cdrcmple
    dmp_mpu6050.o(.text) refers to dmp_driver.o(.text) for dmp_set_gyro_bias
    dmp_mpu6050.o(.text) refers to memcmp.o(.text) for memcmp
    dmp_mpu6050.o(.text) refers to atan2.o(i.__hardfp_atan2) for __hardfp_atan2
    dmp_mpu6050.o(.text) refers to dmul.o(x$fpl$dmul) for __aeabi_dmul
    dmp_mpu6050.o(.text) refers to d2f.o(x$fpl$d2f) for __aeabi_d2f
    dmp_mpu6050.o(.text) refers to uartlink.o(.text) for push
    dmp_mpu6050.o(.text) refers to delay.o(.text) for delay_ms
    dmp_mpu6050.o(.text) refers to dmp_mpu6050.o(.bss) for anbt_mpu6050_quat_data
    dmp_mpu6050.o(.data) refers to dmp_mpu6050.o(.constdata) for reg
    mynvic.o(.text) refers to misc.o(.text) for NVIC_PriorityGroupConfig
    oled.o(.text) refers to stm32f4xx_rcc.o(.text) for RCC_AHB1PeriphClockCmd
    oled.o(.text) refers to stm32f4xx_gpio.o(.text) for GPIO_Init
    oled.o(.text) refers to rt_memcpy_w.o(.text) for __aeabi_memcpy4
    oled.o(.text) refers to d2f.o(x$fpl$d2f) for __aeabi_d2f
    oled.o(.text) refers to deqf.o(x$fpl$deqf) for __aeabi_cdcmpeq
    oled.o(.text) refers to dleqf.o(x$fpl$dleqf) for __aeabi_cdcmple
    oled.o(.text) refers to basic.o(x$fpl$basic) for __aeabi_dneg
    oled.o(.text) refers to dflt_clz.o(x$fpl$dflt) for __aeabi_i2d
    oled.o(.text) refers to dmul.o(x$fpl$dmul) for __aeabi_dmul
    oled.o(.text) refers to dfix.o(x$fpl$dfix) for __aeabi_d2iz
    oled.o(.text) refers to ddiv.o(x$fpl$ddiv) for __aeabi_ddiv
    oled.o(.text) refers to oled.o(.constdata) for F6x8
    pwm.o(.text) refers to stm32f4xx_rcc.o(.text) for RCC_AHB1PeriphClockCmd
    pwm.o(.text) refers to stm32f4xx_gpio.o(.text) for GPIO_Init
[...]
    .constdata                               0x08007db4   Section     2092  oled.o(.constdata)
    .constdata                               0x080085e0   Section       10  nrf24l01.o(.constdata)
    .data                                    0x20000000   Section       20  system_stm32f4xx.o(.data)
    .data                                    0x20000014   Section       23  dcmi.o(.data)
    .data                                    0x2000002c   Section       76  qei.o(.data)
    .data                                    0x20000078   Section       40  timer.o(.data)
    gyro_orientation                         0x20000078   Data           9  timer.o(.data)
    .data                                    0x200000a0   Section       68  key2oled.o(.data)
    .data                                    0x200000e4   Section        8  ultrasonic.o(.data)
    .data                                    0x200000ec   Section        8  rs485.o(.data)
    .data                                    0x200000f4   Section       56  invert_pend.o(.data)
    .data                                    0x2000012c   Section        4  delay.o(.data)
    fac_us                                   0x2000012c   Data           1  delay.o(.data)
    fac_ms                                   0x2000012e   Data           2  delay.o(.data)
    .data                                    0x20000130   Section        6  usart.o(.data)
    .data                                    0x20000136   Section       16  stm32f4xx_rcc.o(.data)
    APBAHBPrescTable                         0x20000136   Data          16  stm32f4xx_rcc.o(.data)
    .bss                                     0x20000148   Section    48000  dcmi.o(.bss)
    .bss                                     0x2000bcc8   Section       32  pwm.o(.bss)
    .bss                                     0x2000bce8   Section      276  qei.o(.bss)
    .bss                                     0x2000be00   Section      260  uartlink.o(.bss)
    .bss                                     0x2000bf04   Section       96  key_matrix.o(.bss)
    .bss                                     0x2000bf64   Section       16  key2oled.o(.bss)
    .bss                                     0x2000bf74   Section       20  ultrasonic.o(.bss)
    .bss                                     0x2000bf88   Section       16  rs485.o(.bss)
    .bss                                     0x2000bf98   Section       80  invert_pend.o(.bss)
    .bss                                     0x2000bfe8   Section      200  usart.o(.bss)
    .bss                                     0x2000c0b0   Section       96  libspace.o(.bss)
    HEAP                                     0x2000c110   Section      512  startup_stm32f40_41xxx.o(HEAP)
    Heap_Mem                                 0x2000c110   Data         512  startup_stm32f40_41xxx.o(HEAP)
    STACK                                    0x2000c310   Section     1024  startup_stm32f40_41xxx.o(STACK)
    Stack_Mem                                0x2000c310   Data        1024  startup_stm32f40_41xxx.o(STACK)
    __initial_sp                             0x2000c710   Data           0  startup_stm32f40_41xxx.o(STACK)

    Global Symbols

    Symbol Name                              Value     Ov Type        Size  Object(Section)

    BuildAttributes$$THM_ISAv4$E$P$D$K$B$S$7EM$VFPi3$EXTD16$VFPS$VFMA$PE$A:L22UL41UL21$X:L11$S22US41US21$IEEE1$IW$USESV6$~STKCKD$USESV7$~SHL$OTIME$ROPI$IEEEX$EBA8$UX$STANDARDLIB$REQ8$PRES8$EABIv2 0x00000000   Number         0  anon$$obj.o ABSOLUTE
    __ARM_use_no_argv                        0x00000000   Number         0  main.o ABSOLUTE
    __ARM_exceptions_init                     - Undefined Weak Reference
    __alloca_initialize                       - Undefined Weak Reference
    __arm_preinit_                            - Undefined Weak Reference
    __cpp_initialize__aeabi_                  - Undefined Weak Reference
    __cxa_finalize                            - Undefined Weak Reference
    __rt_locale                               - Undefined Weak Reference
    __sigvec_lookup                           - Undefined Weak Reference
    _atexit_init                              - Undefined Weak Reference
    _call_atexit_fns                          - Undefined Weak Reference
    _clock_init                               - Undefined Weak Reference
    _fp_trap_init                             - Undefined Weak Reference
    _fp_trap_shutdown                         - Undefined Weak Reference
    _get_lc_collate                           - Undefined Weak Reference
    _get_lc_ctype                             - Undefined Weak Reference
    _get_lc_monetary                          - Undefined Weak Reference
    _get_lc_numeric                           - Undefined Weak Reference
    _get_lc_time                              - Undefined Weak Reference
    _getenv_init                              - Undefined Weak Reference
    _handle_redirection                       - Undefined Weak Reference
    _init_alloc                               - Undefined Weak Reference
    _init_user_alloc                          - Undefined Weak Reference
    _initio                                   - Undefined Weak Reference
    _rand_init                                - Undefined Weak Reference
    _signal_finish                            - Undefined Weak Reference
    _signal_init                              - Undefined Weak Reference
    _terminate_alloc                          - Undefined Weak Reference
    _terminate_user_alloc                     - Undefined Weak Reference
    _terminateio                              - Undefined Weak Reference
    __Vectors_Size                           0x00000188   Number         0  startup_stm32f40_41xxx.o ABSOLUTE
    __Vectors                                0x08000000   Data           4  startup_stm32f40_41xxx.o(RESET)
    __Vectors_End                            0x08000188   Data           0  startup_stm32f40_41xxx.o(RESET)
    __main                                   0x08000189   Thumb Code     8  __main.o(!!!main)
    __scatterload                            0x08000191   Thumb Code     0  __scatter.o(!!!scatter)
    __scatterload_rt2                        0x08000191   Thumb Code    44  __scatter.o(!!!scatter)
    __scatterload_rt2_thumb_only             0x08000191   Thumb Code     0  __scatter.o(!!!scatter)
    __scatterload_null                       0x0800019f   Thumb Code     0  __scatter.o(!!!scatter)
    __decompress                             0x080001c5   Thumb Code    90  __dczerorl2.o(!!dczerorl2)
    __decompress1                            0x080001c5   Thumb Code     0  __dczerorl2.o(!!dczerorl2)
    __scatterload_zeroinit                   0x08000221   Thumb Code    28  __scatter_zi.o(!!handler_zi)
    __rt_lib_init                            0x0800023d   Thumb Code     0  libinit.o(.ARM.Collect$$libinit$$00000000)
    __rt_lib_init_fp_1                       0x0800023f   Thumb Code     0  libinit2.o(.ARM.Collect$$libinit$$00000001)
    __rt_lib_init_alloca_1                   0x08000243   Thumb Code     0  libinit2.o(.ARM.Collect$$libinit$$0000002E)
    __rt_lib_init_argv_1                     0x08000243   Thumb Code     0  libinit2.o(.ARM.Collect$$libinit$$0000002C)
    __rt_lib_init_atexit_1                   0x08000243   Thumb Code     0  libinit2.o(.ARM.Collect$$libinit$$0000001B)
    __rt_lib_init_clock_1                    0x08000243   Thumb Code     0  libinit2.o(.ARM.Collect$$libinit$$00000021)
    __rt_lib_init_cpp_1                      0x08000243   Thumb Code     0  libinit2.o(.ARM.Collect$$libinit$$00000032)
    __rt_lib_init_exceptions_1               0x08000243   Thumb Code     0  libinit2.o(.ARM.Collect$$libinit$$00000030)
    __rt_lib_init_fp_trap_1                  0x08000243   Thumb Code     0  libinit2.o(.ARM.Collect$$libinit$$0000001F)
    __rt_lib_init_getenv_1                   0x08000243   Thumb Code     0  libinit2.o(.ARM.Collect$$libinit$$00000023)
    __rt_lib_init_heap_1                     0x08000243   Thumb Code     0  libinit2.o(.ARM.Collect$$libinit$$0000000A)
    __rt_lib_init_lc_collate_1               0x08000243   Thumb Code     0  libinit2.o(.ARM.Collect$$libinit$$00000011)
    __rt_lib_init_lc_ctype_1                 0x08000243   Thumb Code     0  libinit2.o(.ARM.Collect$$libinit$$00000013)
    __rt_lib_init_lc_monetary_1              0x08000243   Thumb Code     0  libinit2.o(.ARM.Collect$$libinit$$00000015)
    __rt_lib_init_lc_numeric_1               0x08000243   Thumb Code     0  libinit2.o(.ARM.Collect$$libinit$$00000017)
    __rt_lib_init_lc_time_1                  0x08000243   Thumb Code     0  libinit2.o(.ARM.Collect$$libinit$$00000019)
    __rt_lib_init_preinit_1                  0x08000243   Thumb Code     0  libinit2.o(.ARM.Collect$$libinit$$00000004)
    __rt_lib_init_rand_1                     0x08000243   Thumb Code     0  libinit2.o(.ARM.Collect$$libinit$$0000000E)
    __rt_lib_init_return                     0x08000243   Thumb Code     0  libinit2.o(.ARM.Collect$$libinit$$00000033)
    __rt_lib_init_signal_1                   0x08000243   Thumb Code     0  libinit2.o(.ARM.Collect$$libinit$$0000001D)
    __rt_lib_init_stdio_1                    0x08000243   Thumb Code     0  libinit2.o(.ARM.Collect$$libinit$$00000025)
    __rt_lib_init_user_alloc_1               0x08000243   Thumb Code     0  libinit2.o(.ARM.Collect$$libinit$$0000000C)
    __rt_lib_shutdown                        0x08000245   Thumb Code     0  libshutdown.o(.ARM.Collect$$libshutdown$$00000000)
    __rt_lib_shutdown_fp_trap_1              0x08000247   Thumb Code     0  libshutdown2.o(.ARM.Collect$$libshutdown$$00000006)
    __rt_lib_shutdown_heap_1                 0x08000247   Thumb Code     0  libshutdown2.o(.ARM.Collect$$libshutdown$$0000000E)
    __rt_lib_shutdown_return                 0x08000247   Thumb Code     0  libshutdown2.o(.ARM.Collect$$libshutdown$$0000000F)
    __rt_lib_shutdown_signal_1               0x08000247   Thumb Code     0  libshutdown2.o(.ARM.Collect$$libshutdown$$00000009)
    __rt_lib_shutdown_stdio_1                0x08000247   Thumb Code     0  libshutdown2.o(.ARM.Collect$$libshutdown$$00000003)
    __rt_lib_shutdown_user_alloc_1           0x08000247   Thumb Code     0  libshutdown2.o(.ARM.Collect$$libshutdown$$0000000B)
    __rt_entry                               0x08000249   Thumb Code     0  __rtentry.o(.ARM.Collect$$rtentry$$00000000)
    __rt_entry_presh_1                       0x08000249   Thumb Code     0  __rtentry2.o(.ARM.Collect$$rtentry$$00000002)
    __rt_entry_sh                            0x08000249   Thumb Code     0  __rtentry4.o(.ARM.Collect$$rtentry$$00000004)
    __rt_entry_li                            0x0800024f   Thumb Code     0  __rtentry2.o(.ARM.Collect$$rtentry$$0000000A)
    __rt_entry_postsh_1                      0x0800024f   Thumb Code     0  __rtentry2.o(.ARM.Collect$$rtentry$$00000009)
    __rt_entry_main                          0x08000253   Thumb Code     0  __rtentry2.o(.ARM.Collect$$rtentry$$0000000D)
    __rt_entry_postli_1                      0x08000253   Thumb Code     0  __rtentry2.o(.ARM.Collect$$rtentry$$0000000C)
    __rt_exit                                0x0800025b   Thumb Code     0  rtexit.o(.ARM.Collect$$rtexit$$00000000)
    __rt_exit_ls                             0x0800025d   Thumb Code     0  rtexit2.o(.ARM.Collect$$rtexit$$00000003)
    __rt_exit_prels_1                        0x0800025d   Thumb Code     0  rtexit2.o(.ARM.Collect$$rtexit$$00000002)
    __rt_exit_exit                           0x08000261   Thumb Code     0  rtexit2.o(.ARM.Collect$$rtexit$$00000004)
    main                                     0x08000269   Thumb Code   258  main.o(.text)
    NMI_Handler                              0x08000389   Thumb Code     2  stm32f4xx_it.o(.text)
    HardFault_Handler                        0x0800038b   Thumb Code     4  stm32f4xx_it.o(.text)
    MemManage_Handler                        0x0800038f   Thumb Code     4  stm32f4xx_it.o(.text)
    BusFault_Handler                         0x08000393   Thumb Code     4  stm32f4xx_it.o(.text)
    UsageFault_Handler                       0x08000397   Thumb Code     4  stm32f4xx_it.o(.text)
    SVC_Handler                              0x0800039b   Thumb Code     2  stm32f4xx_it.o(.text)
    DebugMon_Handler                         0x0800039d   Thumb Code     2  stm32f4xx_it.o(.text)
    PendSV_Handler                           0x0800039f   Thumb Code     2  stm32f4xx_it.o(.text)
    SysTick_Handler                          0x080003a1   Thumb Code     2  stm32f4xx_it.o(.text)
    SystemInit                               0x08000481   Thumb Code    88  system_stm32f4xx.o(.text)
    SystemCoreClockUpdate                    0x080004d9   Thumb Code   174  system_stm32f4xx.o(.text)
    LED_Init                                 0x080005b5   Thumb Code    56  led.o(.text)
    sccb_wait                                0x080005f1   Thumb Code    10  dcmi.o(.text)
    sccb_start                               0x080005fb   Thumb Code    76  dcmi.o(.text)
    sccb_stop                                0x08000647   Thumb Code    76  dcmi.o(.text)
    sccb_sendByte                            0x08000693   Thumb Code   152  dcmi.o(.text)
    sccb_regWrite                            0x0800072b   Thumb Code    98  dcmi.o(.text)
    IICInit                                  0x0800078d   Thumb Code    60  dcmi.o(.text)
    Ov7620_reg_Init                          0x080007c9   Thumb Code    82  dcmi.o(.text)
    MCO1_Init                                0x0800081b   Thumb Code    78  dcmi.o(.text)
    DCMIInit                                 0x08000869   Thumb Code   432  dcmi.o(.text)
    Ov7620_Init                              0x08000a19   Thumb Code    28  dcmi.o(.text)
    DCMI_IRQHandler                          0x08000a35   Thumb Code   178  dcmi.o(.text)
    MyNVIC_Init                              0x08000af9   Thumb Code    52  mynvic.o(.text)
    OLED_WrDat                               0x08000b2d   Thumb Code    62  oled.o(.text)
    OLED_WrCmd                               0x08000b6b   Thumb Code    62  oled.o(.text)
    OLED_Set_Pos                             0x08000ba9   Thumb Code    40  oled.o(.text)
    OLED_CLS                                 0x08000bd1   Thumb Code    56  oled.o(.text)
    OLED_DLY_ms                              0x08000c09   Thumb Code    28  oled.o(.text)
    SetStartColumn                           0x08000c25   Thumb Code    44  oled.o(.text)
    SetAddressingMode                        0x08000c51   Thumb Code    18  oled.o(.text)
    SetColumnAddress                         0x08000c63   Thumb Code    26  oled.o(.text)
    SetPageAddress                           0x08000c7d   Thumb Code    26  oled.o(.text)
    SetStartLine                             0x08000c97   Thumb Code    14  oled.o(.text)
    SetContrastControl                       0x08000ca5   Thumb Code    18  oled.o(.text)
    Set_Charge_Pump                          0x08000cb7   Thumb Code    20  oled.o(.text)
    Set_Segment_Remap                        0x08000ccb   Thumb Code    14  oled.o(.text)
    Set_Entire_Display                       0x08000cd9   Thumb Code    14  oled.o(.text)
    Set_Inverse_Display                      0x08000ce7   Thumb Code    14  oled.o(.text)
    Set_Multiplex_Ratio                      0x08000cf5   Thumb Code    18  oled.o(.text)
    Set_Display_On_Off                       0x08000d07   Thumb Code    14  oled.o(.text)
    SetStartPage                             0x08000d15   Thumb Code    14  oled.o(.text)
    Set_Common_Remap                         0x08000d23   Thumb Code    14  oled.o(.text)
    Set_Display_Offset                       0x08000d31   Thumb Code    18  oled.o(.text)
    Set_Display_Clock                        0x08000d43   Thumb Code    18  oled.o(.text)
    Set_Precharge_Period                     0x08000d55   Thumb Code    18  oled.o(.text)
    Set_Common_Config                        0x08000d67   Thumb Code    20  oled.o(.text)
    Set_VCOMH                                0x08000d7b   Thumb Code    18  oled.o(.text)
    Set_NOP                                  0x08000d8d   Thumb Code    10  oled.o(.text)
    OLED_Fill                                0x08000d97   Thumb Code    58  oled.o(.text)
    OLED_Init                                0x08000dd1   Thumb Code   256  oled.o(.text)
    OLED_Point                               0x08000ed1   Thumb Code    72  oled.o(.text)
    OLED_P6x8Char                            0x08000f19   Thumb Code    74  oled.o(.text)
    OLED_P6x8Str                             0x08000f63   Thumb Code    96  oled.o(.text)
    OLED_P8x16Str                            0x08000fc3   Thumb Code   134  oled.o(.text)
    OLED_ShowInt                             0x08001049   Thumb Code   282  oled.o(.text)
    OLED_Showfloat                           0x08001163   Thumb Code   652  oled.o(.text)
    OLED_Cursor                              0x080013ef   Thumb Code    34  oled.o(.text)
    OLED_ClearCursor                         0x08001411   Thumb Code    34  oled.o(.text)
    OLED_Full                                0x08001433   Thumb Code    58  oled.o(.text)
    OLED_Clear                               0x0800146d   Thumb Code    56  oled.o(.text)
    OLED_DrawLine                            0x080014a5   Thumb Code   176  oled.o(.text)
    OLED_DrawRectangle                       0x08001555   Thumb Code    60  oled.o(.text)
    LCD_Draw_Circle                          0x08001591   Thumb Code   176  oled.o(.text)
    PWM_Init                                 0x08001641   Thumb Code   286  pwm.o(.text)
    PWMSet                                   0x0800175f   Thumb Code    62  pwm.o(.text)
    QEI_Init                                 0x080017a9   Thumb Code   350  qei.o(.text)
    PID_Init                                 0x08001907   Thumb Code   104  qei.o(.text)
    Left_SpeedCount                          0x0800196f   Thumb Code    22  qei.o(.text)
    Right_SpeedCount                         0x08001985   Thumb Code    22  qei.o(.text)
    Left_IncPID                              0x0800199b   Thumb Code   230  qei.o(.text)
    Right_IncPID                             0x08001a81   Thumb Code   230  qei.o(.text)
    Motor_Output_Inc                         0x08001b67   Thumb Code   312  qei.o(.text)
    Left_SpeedControl                        0x08001c9f   Thumb Code   378  qei.o(.text)
    Right_SpeedControl                       0x08001e19   Thumb Code   390  qei.o(.text)
    Left_AngleControl                        0x08001f9f   Thumb Code   504  qei.o(.text)
    Right_AngleControl                       0x08002197   Thumb Code   404  qei.o(.text)
    SpeedControl                             0x0800232b   Thumb Code   604  qei.o(.text)
    SetMotorVoltage                          0x08002587   Thumb Code   150  qei.o(.text)
    Motor_Output_Pos                         0x0800261d   Thumb Code   296  qei.o(.text)
    TIM5_Init                                0x08002775   Thumb Code    50  timer.o(.text)
    TIM7_Init                                0x080027a7   Thumb Code    78  timer.o(.text)
    TIM7_IRQHandler                          0x080027f5   Thumb Code   212  timer.o(.text)
    UartInit                                 0x080028e5   Thumb Code   260  uartlink.o(.text)
    uart_putchar                             0x080029e9   Thumb Code    46  uartlink.o(.text)
    uart_getchar                             0x08002a17   Thumb Code    10  uartlink.o(.text)
    push                                     0x08002a21   Thumb Code    28  uartlink.o(.text)
    Send_Data                                0x08002a3d   Thumb Code    28  uartlink.o(.text)
    uart_sendN                               0x08002a59   Thumb Code    32  uartlink.o(.text)
    Send_NData                               0x08002a79   Thumb Code    76  uartlink.o(.text)
    SendOV7620                               0x08002ac5   Thumb Code   100  uartlink.o(.text)
    Send_Str                                 0x08002b29   Thumb Code    40  uartlink.o(.text)
    Send_DataPlusStr                         0x08002b51   Thumb Code   358  uartlink.o(.text)
    Received_Succeed                         0x08002cb7   Thumb Code    90  uartlink.o(.text)
    UartCmd                                  0x08002d11   Thumb Code     2  uartlink.o(.text)
    Rev_Page4                                0x08002d13   Thumb Code   212  uartlink.o(.text)
    Rev_Page3                                0x08002de7   Thumb Code   212  uartlink.o(.text)
    Rev_Page2                                0x08002ebb   Thumb Code   144  uartlink.o(.text)
    Rev_Page1                                0x08002f4b   Thumb Code   108  uartlink.o(.text)
    USART2_IRQHandler                        0x08002fb7   Thumb Code   714  uartlink.o(.text)
    UartDebug                                0x08003281   Thumb Code     2  uartlink.o(.text)
    Key_Init                                 0x080032ad   Thumb Code   122  key_matrix.o(.text)
    KeyPin_Out                               0x08003327   Thumb Code   134  key_matrix.o(.text)
    Send_Key_msg                             0x080033ad   Thumb Code    28  key_matrix.o(.text)
    Check_Key                                0x080033c9   Thumb Code   236  key_matrix.o(.text)
    Key_deal                                 0x080034c5   Thumb Code    88  key2oled.o(.text)
    A_Show                                   0x0800351d   Thumb Code    24  key2oled.o(.text)
    B_Show                                   0x08003535   Thumb Code    24  key2oled.o(.text)
    C_Show                                   0x0800354d   Thumb Code    24  key2oled.o(.text)
    D_Show                                   0x08003565   Thumb Code    24  key2oled.o(.text)
    E_Show                                   0x0800357d   Thumb Code    24  key2oled.o(.text)
    F_Show                                   0x08003595   Thumb Code    24  key2oled.o(.text)
    G_Show                                   0x080035ad   Thumb Code    24  key2oled.o(.text)
    H_Show                                   0x080035c5   Thumb Code    24  key2oled.o(.text)
    I_Show                                   0x080035dd   Thumb Code    24  key2oled.o(.text)
    J_Show                                   0x080035f5   Thumb Code    24  key2oled.o(.text)
    K_Show                                   0x0800360d   Thumb Code    24  key2oled.o(.text)
    L_Show                                   0x08003625   Thumb Code    24  key2oled.o(.text)
    M_Show                                   0x0800363d   Thumb Code    24  key2oled.o(.text)
    N_Show                                   0x08003655   Thumb Code    24  key2oled.o(.text)
    O_Show                                   0x0800366d   Thumb Code    24  key2oled.o(.text)
    P_Show                                   0x08003685   Thumb Code    24  key2oled.o(.text)
    TIM13_Init                               0x080036f1   Thumb Code    50  ultrasonic.o(.text)
    Ultran_Init                              0x08003723   Thumb Code   170  ultrasonic.o(.text)
    Ultra_Ranging                            0x080037cd   Thumb Code    24  ultrasonic.o(.text)
    Ultra_Distance                           0x080037e5   Thumb Code   128  ultrasonic.o(.text)
    EXTI3_IRQHandler                         0x08003865   Thumb Code    78  ultrasonic.o(.text)
    SPI2_ReadWriteByte                       0x080038e1   Thumb Code    50  nrf24l01.o(.text)
    SPI2_Init                                0x08003913   Thumb Code   188  nrf24l01.o(.text)
    SPI2_SetSpeed                            0x080039cf   Thumb Code    36  nrf24l01.o(.text)
    NRF24L01_SPI_Init                        0x080039f3   Thumb Code    86  nrf24l01.o(.text)
    NRF24L01_Init                            0x08003a49   Thumb Code    98  nrf24l01.o(.text)
    NRF24L01_Read_Buf                        0x08003aab   Thumb Code    60  nrf24l01.o(.text)
    NRF24L01_Write_Buf                       0x08003ae7   Thumb Code    60  nrf24l01.o(.text)
    NRF24L01_Check                           0x08003b23   Thumb Code    72  nrf24l01.o(.text)
    NRF24L01_Write_Reg                       0x08003b6b   Thumb Code    40  nrf24l01.o(.text)
    NRF24L01_Read_Reg                        0x08003b93   Thumb Code    38  nrf24l01.o(.text)
    NRF24L01_TxPacket                        0x08003bb9   Thumb Code    94  nrf24l01.o(.text)
    NRF24L01_RxPacket                        0x08003c17   Thumb Code    58  nrf24l01.o(.text)
    NRF24L01_RX_Mode                         0x08003c51   Thumb Code    76  nrf24l01.o(.text)
    NRF24L01_TX_Mode                         0x08003c9d   Thumb Code   124  nrf24l01.o(.text)
    RS485_Init                               0x08003d1d   Thumb Code   194  rs485.o(.text)
    USART3_IRQHandler                        0x08003ddf   Thumb Code    84  rs485.o(.text)
    EncoderPID_Init                          0x08003e49   Thumb Code    60  invert_pend.o(.text)
    Debug_PID                                0x08003e85   Thumb Code    50  invert_pend.o(.text)
    ABS_EncoderPID                           0x08003eb7   Thumb Code   320  invert_pend.o(.text)
    Goal_Encouder_Out                        0x08003ff7   Thumb Code     8  invert_pend.o(.text)
    Function_None                            0x08003fff   Thumb Code     2  invert_pend.o(.text)
    Function_1                               0x08004001   Thumb Code   122  invert_pend.o(.text)
    Function_2                               0x0800407b   Thumb Code   176  invert_pend.o(.text)
    Function_3                               0x0800412b   Thumb Code   404  invert_pend.o(.text)
    Function_4                               0x080042bf   Thumb Code   508  invert_pend.o(.text)
    Function_5                               0x080044bb   Thumb Code   548  invert_pend.o(.text)
    Function_6                               0x080046df   Thumb Code   466  invert_pend.o(.text)
    Invert_Pend_Task                         0x080048b1   Thumb Code    16  invert_pend.o(.text)
    delay_init                               0x080048fd   Thumb Code    52  delay.o(.text)
    delay_us                                 0x08004931   Thumb Code    72  delay.o(.text)
    delay_xms                                0x08004979   Thumb Code    72  delay.o(.text)
    delay_ms                                 0x080049c1   Thumb Code    56  delay.o(.text)
    _sys_exit                                0x08004a01   Thumb Code     6  usart.o(.text)
    fputc                                    0x08004a07   Thumb Code    22  usart.o(.text)
    uart_init                                0x08004a1d   Thumb Code   172  usart.o(.text)
    USART1_IRQHandler                        0x08004ac9   Thumb Code   122  usart.o(.text)
    Reset_Handler                            0x08004b55   Thumb Code     8  startup_stm32f40_41xxx.o(.text)
    ADC_IRQHandler                           0x08004b6f   Thumb Code     0  startup_stm32f40_41xxx.o(.text)
    CAN1_RX0_IRQHandler                      0x08004b6f   Thumb Code     0  startup_stm32f40_41xxx.o(.text)
    CAN1_RX1_IRQHandler                      0x08004b6f   Thumb Code     0  startup_stm32f40_41xxx.o(.text)
    CAN1_SCE_IRQHandler                      0x08004b6f   Thumb Code     0  startup_stm32f40_41xxx.o(.text)
    CAN1_TX_IRQHandler                       0x08004b6f   Thumb Code     0  startup_stm32f40_41xxx.o(.text)
    CAN2_RX0_IRQHandler                      0x08004b6f   Thumb Code     0  startup_stm32f40_41xxx.o(.text)
    CAN2_RX1_IRQHandler                      0x08004b6f   Thumb Code     0  startup_stm32f40_41xxx.o(.text)
    CAN2_SCE_IRQHandler                      0x08004b6f   Thumb Code     0  startup_stm32f40_41xxx.o(.text)
    CAN2_TX_IRQHandler                       0x08004b6f   Thumb Code     0  startup_stm32f40_41xxx.o(.text)
    CRYP_IRQHandler                          0x08004b6f   Thumb Code     0  startup_stm32f40_41xxx.o(.text)
    DMA1_Stream0_IRQHandler                  0x08004b6f   Thumb Code     0  startup_stm32f40_41xxx.o(.text)
    DMA1_Stream1_IRQHandler                  0x08004b6f   Thumb Code     0  startup_stm32f40_41xxx.o(.text)
    DMA1_Stream2_IRQHandler                  0x08004b6f   Thumb Code     0  startup_stm32f40_41xxx.o(.text)
    DMA1_Stream3_IRQHandler                  0x08004b6f   Thumb Code     0  startup_stm32f40_41xxx.o(.text)
    DMA1_Stream4_IRQHandler                  0x08004b6f   Thumb Code     0  startup_stm32f40_41xxx.o(.text)
    DMA1_Stream5_IRQHandler                  0x08004b6f   Thumb Code     0  startup_stm32f40_41xxx.o(.text)
    DMA1_Stream6_IRQHandler                  0x08004b6f   Thumb Code     0  startup_stm32f40_41xxx.o(.text)
    DMA1_Stream7_IRQHandler                  0x08004b6f   Thumb Code     0  startup_stm32f40_41xxx.o(.text)
    DMA2_Stream0_IRQHandler                  0x08004b6f   Thumb Code     0  startup_stm32f40_41xxx.o(.text)
    DMA2_Stream1_IRQHandler                  0x08004b6f   Thumb Code     0  startup_stm32f40_41xxx.o(.text)
    DMA2_Stream2_IRQHandler                  0x08004b6f   Thumb Code     0  startup_stm32f40_41xxx.o(.text)
    DMA2_Stream3_IRQHandler                  0x08004b6f   Thumb Code     0  startup_stm32f40_41xxx.o(.text)
    DMA2_Stream4_IRQHandler                  0x08004b6f   Thumb Code     0  startup_stm32f40_41xxx.o(.text)
    DMA2_Stream5_IRQHandler                  0x08004b6f   Thumb Code     0  startup_stm32f40_41xxx.o(.text)
    DMA2_Stream6_IRQHandler                  0x08004b6f   Thumb Code     0  startup_stm32f40_41xxx.o(.text)
    DMA2_Stream7_IRQHandler                  0x08004b6f   Thumb Code     0  startup_stm32f40_41xxx.o(.text)
    ETH_IRQHandler                           0x08004b6f   Thumb Code     0  startup_stm32f40_41xxx.o(.text)
    ETH_WKUP_IRQHandler                      0x08004b6f   Thumb Code     0  startup_stm32f40_41xxx.o(.text)
    EXTI0_IRQHandler                         0x08004b6f   Thumb Code     0  startup_stm32f40_41xxx.o(.text)
    EXTI15_10_IRQHandler                     0x08004b6f   Thumb Code     0  startup_stm32f40_41xxx.o(.text)
    EXTI1_IRQHandler                         0x08004b6f   Thumb Code     0  startup_stm32f40_41xxx.o(.text)
    EXTI2_IRQHandler                         0x08004b6f   Thumb Code     0  startup_stm32f40_41xxx.o(.text)
    EXTI4_IRQHandler                         0x08004b6f   Thumb Code     0  startup_stm32f40_41xxx.o(.text)
    EXTI9_5_IRQHandler                       0x08004b6f   Thumb Code     0  startup_stm32f40_41xxx.o(.text)
    FLASH_IRQHandler                         0x08004b6f   Thumb Code     0  startup_stm32f40_41xxx.o(.text)
    FPU_IRQHandler                           0x08004b6f   Thumb Code     0  startup_stm32f40_41xxx.o(.text)
    FSMC_IRQHandler                          0x08004b6f   Thumb Code     0  startup_stm32f40_41xxx.o(.text)
    HASH_RNG_IRQHandler                      0x08004b6f   Thumb Code     0  startup_stm32f40_41xxx.o(.text)
    I2C1_ER_IRQHandler                       0x08004b6f   Thumb Code     0  startup_stm32f40_41xxx.o(.text)
    I2C1_EV_IRQHandler                       0x08004b6f   Thumb Code     0  startup_stm32f40_41xxx.o(.text)
    I2C2_ER_IRQHandler                       0x08004b6f   Thumb Code     0  startup_stm32f40_41xxx.o(.text)
    I2C2_EV_IRQHandler                       0x08004b6f   Thumb Code     0  startup_stm32f40_41xxx.o(.text)
    I2C3_ER_IRQHandler                       0x08004b6f   Thumb Code     0  startup_stm32f40_41xxx.o(.text)
    I2C3_EV_IRQHandler                       0x08004b6f   Thumb Code     0  startup_stm32f40_41xxx.o(.text)
    OTG_FS_IRQHandler                        0x08004b6f   Thumb Code     0  startup_stm32f40_41xxx.o(.text)
    OTG_FS_WKUP_IRQHandler                   0x08004b6f   Thumb Code     0  startup_stm32f40_41xxx.o(.text)
    OTG_HS_EP1_IN_IRQHandler                 0x08004b6f   Thumb Code     0  startup_stm32f40_41xxx.o(.text)
    OTG_HS_EP1_OUT_IRQHandler                0x08004b6f   Thumb Code     0  startup_stm32f40_41xxx.o(.text)
    OTG_HS_IRQHandler                        0x08004b6f   Thumb Code     0  startup_stm32f40_41xxx.o(.text)
    OTG_HS_WKUP_IRQHandler                   0x08004b6f   Thumb Code     0  startup_stm32f40_41xxx.o(.text)
    PVD_IRQHandler                           0x08004b6f   Thumb Code     0  startup_stm32f40_41xxx.o(.text)
    RCC_IRQHandler                           0x08004b6f   Thumb Code     0  startup_stm32f40_41xxx.o(.text)
    RTC_Alarm_IRQHandler                     0x08004b6f   Thumb Code     0  startup_stm32f40_41xxx.o(.text)
    RTC_WKUP_IRQHandler                      0x08004b6f   Thumb Code     0  startup_stm32f40_41xxx.o(.text)
    SDIO_IRQHandler                          0x08004b6f   Thumb Code     0  startup_stm32f40_41xxx.o(.text)
    SPI1_IRQHandler                          0x08004b6f   Thumb Code     0  startup_stm32f40_41xxx.o(.text)
    SPI2_IRQHandler                          0x08004b6f   Thumb Code     0  startup_stm32f40_41xxx.o(.text)
    SPI3_IRQHandler                          0x08004b6f   Thumb Code     0  startup_stm32f40_41xxx.o(.text)
    TAMP_STAMP_IRQHandler                    0x08004b6f   Thumb Code     0  startup_stm32f40_41xxx.o(.text)
    TIM1_BRK_TIM9_IRQHandler                 0x08004b6f   Thumb Code     0  startup_stm32f40_41xxx.o(.text)
    TIM1_CC_IRQHandler                       0x08004b6f   Thumb Code     0  startup_stm32f40_41xxx.o(.text)
    TIM1_TRG_COM_TIM11_IRQHandler            0x08004b6f   Thumb Code     0  startup_stm32f40_41xxx.o(.text)
    TIM1_UP_TIM10_IRQHandler                 0x08004b6f   Thumb Code     0  startup_stm32f40_41xxx.o(.text)
    TIM2_IRQHandler                          0x08004b6f   Thumb Code     0  startup_stm32f40_41xxx.o(.text)
    TIM3_IRQHandler                          0x08004b6f   Thumb Code     0  startup_stm32f40_41xxx.o(.text)
    TIM4_IRQHandler                          0x08004b6f   Thumb Code     0  startup_stm32f40_41xxx.o(.text)
    TIM5_IRQHandler                          0x08004b6f   Thumb Code     0  startup_stm32f40_41xxx.o(.text)
    TIM6_DAC_IRQHandler                      0x08004b6f   Thumb Code     0  startup_stm32f40_41xxx.o(.text)
    TIM8_BRK_TIM12_IRQHandler                0x08004b6f   Thumb Code     0  startup_stm32f40_41xxx.o(.text)
    TIM8_CC_IRQHandler                       0x08004b6f   Thumb Code     0  startup_stm32f40_41xxx.o(.text)
    TIM8_TRG_COM_TIM14_IRQHandler            0x08004b6f   Thumb Code     0  startup_stm32f40_41xxx.o(.text)
    TIM8_UP_TIM13_IRQHandler                 0x08004b6f   Thumb Code     0  startup_stm32f40_41xxx.o(.text)
    UART4_IRQHandler                         0x08004b6f   Thumb Code     0  startup_stm32f40_41xxx.o(.text)
    UART5_IRQHandler                         0x08004b6f   Thumb Code     0  startup_stm32f40_41xxx.o(.text)
    USART6_IRQHandler                        0x08004b6f   Thumb Code     0  startup_stm32f40_41xxx.o(.text)
    WWDG_IRQHandler                          0x08004b6f   Thumb Code     0  startup_stm32f40_41xxx.o(.text)
    __user_initial_stackheap                 0x08004b71   Thumb Code     0  startup_stm32f40_41xxx.o(.text)
    NVIC_PriorityGroupConfig                 0x08004b95   Thumb Code    10  misc.o(.text)
    NVIC_Init                                0x08004b9f   Thumb Code   106  misc.o(.text)
    NVIC_SetVectorTable                      0x08004c09   Thumb Code    14  misc.o(.text)
    NVIC_SystemLPConfig                      0x08004c17   Thumb Code    34  misc.o(.text)
    SysTick_CLKSourceConfig                  0x08004c39   Thumb Code    40  misc.o(.text)
    GPIO_DeInit                              0x08004c75   Thumb Code   268  stm32f4xx_gpio.o(.text)
    GPIO_Init                                0x08004d81   Thumb Code   144  stm32f4xx_gpio.o(.text)
    GPIO_StructInit                          0x08004e11   Thumb Code    18  stm32f4xx_gpio.o(.text)
    GPIO_PinLockConfig                       0x08004e23   Thumb Code    34  stm32f4xx_gpio.o(.text)
    GPIO_ReadInputDataBit                    0x08004e45   Thumb Code    18  stm32f4xx_gpio.o(.text)
    GPIO_ReadInputData                       0x08004e57   Thumb Code     8  stm32f4xx_gpio.o(.text)
    GPIO_ReadOutputDataBit                   0x08004e5f   Thumb Code    18  stm32f4xx_gpio.o(.text)
    GPIO_ReadOutputData                      0x08004e71   Thumb Code     8  stm32f4xx_gpio.o(.text)
    GPIO_SetBits                             0x08004e79   Thumb Code     4  stm32f4xx_gpio.o(.text)
    GPIO_ResetBits                           0x08004e7d   Thumb Code     4  stm32f4xx_gpio.o(.text)
    GPIO_WriteBit                            0x08004e81   Thumb Code    10  stm32f4xx_gpio.o(.text)
    GPIO_Write                               0x08004e8b   Thumb Code     4  stm32f4xx_gpio.o(.text)
    GPIO_ToggleBits                          0x08004e8f   Thumb Code     8  stm32f4xx_gpio.o(.text)
    GPIO_PinAFConfig                         0x08004e97   Thumb Code    70  stm32f4xx_gpio.o(.text)
    RCC_DeInit                               0x08004f09   Thumb Code    82  stm32f4xx_rcc.o(.text)
    RCC_HSEConfig                            0x08004f5b   Thumb Code    14  stm32f4xx_rcc.o(.text)
    RCC_GetFlagStatus                        0x08004f69   Thumb Code    60  stm32f4xx_rcc.o(.text)
    RCC_WaitForHSEStartUp                    0x08004fa5   Thumb Code    56  stm32f4xx_rcc.o(.text)
    RCC_AdjustHSICalibrationValue            0x08004fdd   Thumb Code    20  stm32f4xx_rcc.o(.text)
    RCC_HSICmd                               0x08004ff1   Thumb Code     6  stm32f4xx_rcc.o(.text)
    RCC_LSEConfig                            0x08004ff7   Thumb Code    46  stm32f4xx_rcc.o(.text)
    RCC_LSICmd                               0x08005025   Thumb Code     6  stm32f4xx_rcc.o(.text)
    RCC_PLLConfig                            0x0800502b   Thumb Code    32  stm32f4xx_rcc.o(.text)
    RCC_PLLCmd                               0x0800504b   Thumb Code     6  stm32f4xx_rcc.o(.text)
    RCC_PLLI2SConfig                         0x08005051   Thumb Code    14  stm32f4xx_rcc.o(.text)
    RCC_PLLI2SCmd                            0x0800505f   Thumb Code     6  stm32f4xx_rcc.o(.text)
    RCC_PLLSAIConfig                         0x08005065   Thumb Code    20  stm32f4xx_rcc.o(.text)
    RCC_PLLSAICmd                            0x08005079   Thumb Code     6  stm32f4xx_rcc.o(.text)
    RCC_ClockSecuritySystemCmd               0x0800507f   Thumb Code     6  stm32f4xx_rcc.o(.text)
    RCC_MCO1Config                           0x08005085   Thumb Code    28  stm32f4xx_rcc.o(.text)
    RCC_MCO2Config                           0x080050a1   Thumb Code    28  stm32f4xx_rcc.o(.text)
    RCC_SYSCLKConfig                         0x080050bd   Thumb Code    20  stm32f4xx_rcc.o(.text)
    RCC_GetSYSCLKSource                      0x080050d1   Thumb Code    12  stm32f4xx_rcc.o(.text)
    RCC_HCLKConfig                           0x080050dd   Thumb Code    20  stm32f4xx_rcc.o(.text)
    RCC_PCLK1Config                          0x080050f1   Thumb Code    20  stm32f4xx_rcc.o(.text)
    RCC_PCLK2Config                          0x08005105   Thumb Code    22  stm32f4xx_rcc.o(.text)
    RCC_GetClocksFreq                        0x0800511b   Thumb Code   222  stm32f4xx_rcc.o(.text)
    RCC_RTCCLKConfig                         0x080051f9   Thumb Code    54  stm32f4xx_rcc.o(.text)
    RCC_RTCCLKCmd                            0x0800522f   Thumb Code     8  stm32f4xx_rcc.o(.text)
    RCC_BackupResetCmd                       0x08005237   Thumb Code     8  stm32f4xx_rcc.o(.text)
    RCC_I2SCLKConfig                         0x0800523f   Thumb Code     6  stm32f4xx_rcc.o(.text)
    RCC_SAIPLLI2SClkDivConfig                0x08005245   Thumb Code    26  stm32f4xx_rcc.o(.text)
    RCC_SAIPLLSAIClkDivConfig                0x0800525f   Thumb Code    28  stm32f4xx_rcc.o(.text)
    RCC_SAIBlockACLKConfig                   0x0800527b   Thumb Code    20  stm32f4xx_rcc.o(.text)
    RCC_SAIBlockBCLKConfig                   0x0800528f   Thumb Code    20  stm32f4xx_rcc.o(.text)
    RCC_LTDCCLKDivConfig                     0x080052a3   Thumb Code    20  stm32f4xx_rcc.o(.text)
    RCC_TIMCLKPresConfig                     0x080052b7   Thumb Code     6  stm32f4xx_rcc.o(.text)
    RCC_AHB1PeriphClockCmd                   0x080052bd   Thumb Code    34  stm32f4xx_rcc.o(.text)
    RCC_AHB2PeriphClockCmd                   0x080052df   Thumb Code    78  stm32f4xx_rcc.o(.text)
    RCC_AHB3PeriphClockCmd                   0x0800532d   Thumb Code    34  stm32f4xx_rcc.o(.text)
    RCC_APB1PeriphClockCmd                   0x0800534f   Thumb Code    34  stm32f4xx_rcc.o(.text)
    RCC_APB2PeriphClockCmd                   0x08005371   Thumb Code    34  stm32f4xx_rcc.o(.text)
    RCC_AHB1PeriphResetCmd                   0x08005393   Thumb Code    34  stm32f4xx_rcc.o(.text)
    RCC_AHB2PeriphResetCmd                   0x080053b5   Thumb Code    34  stm32f4xx_rcc.o(.text)
    RCC_AHB3PeriphResetCmd                   0x080053d7   Thumb Code    34  stm32f4xx_rcc.o(.text)
    RCC_APB1PeriphResetCmd                   0x080053f9   Thumb Code    34  stm32f4xx_rcc.o(.text)
    RCC_APB2PeriphResetCmd                   0x0800541b   Thumb Code    34  stm32f4xx_rcc.o(.text)
    RCC_AHB1PeriphClockLPModeCmd             0x0800543d   Thumb Code    34  stm32f4xx_rcc.o(.text)
    RCC_AHB2PeriphClockLPModeCmd             0x0800545f   Thumb Code    34  stm32f4xx_rcc.o(.text)
    RCC_AHB3PeriphClockLPModeCmd             0x08005481   Thumb Code    34  stm32f4xx_rcc.o(.text)
    RCC_APB1PeriphClockLPModeCmd             0x080054a3   Thumb Code    34  stm32f4xx_rcc.o(.text)
    RCC_APB2PeriphClockLPModeCmd             0x080054c5   Thumb Code    34  stm32f4xx_rcc.o(.text)
    RCC_LSEModeConfig                        0x080054e7   Thumb Code    40  stm32f4xx_rcc.o(.text)
    RCC_ITConfig                             0x0800550f   Thumb Code    34  stm32f4xx_rcc.o(.text)
    RCC_ClearFlag                            0x08005531   Thumb Code    18  stm32f4xx_rcc.o(.text)
    RCC_GetITStatus                          0x08005543   Thumb Code    22  stm32f4xx_rcc.o(.text)
    RCC_ClearITPendingBit                    0x08005559   Thumb Code     8  stm32f4xx_rcc.o(.text)
    SYSCFG_DeInit                            0x08005565   Thumb Code    22  stm32f4xx_syscfg.o(.text)
    SYSCFG_MemoryRemapConfig                 0x0800557b   Thumb Code     6  stm32f4xx_syscfg.o(.text)
    SYSCFG_MemorySwappingBank                0x08005581   Thumb Code     6  stm32f4xx_syscfg.o(.text)
    SYSCFG_EXTILineConfig                    0x08005587   Thumb Code    66  stm32f4xx_syscfg.o(.text)
    SYSCFG_ETH_MediaInterfaceConfig          0x080055c9   Thumb Code     8  stm32f4xx_syscfg.o(.text)
    SYSCFG_CompensationCellCmd               0x080055d1   Thumb Code     6  stm32f4xx_syscfg.o(.text)
    SYSCFG_GetCompensationCellStatus         0x080055d7   Thumb Code    22  stm32f4xx_syscfg.o(.text)
    USART_DeInit                             0x080055f9   Thumb Code   206  stm32f4xx_usart.o(.text)
    USART_Init                               0x080056c7   Thumb Code   204  stm32f4xx_usart.o(.text)
    USART_StructInit                         0x08005793   Thumb Code    24  stm32f4xx_usart.o(.text)
    USART_ClockInit                          0x080057ab   Thumb Code    32  stm32f4xx_usart.o(.text)
    USART_ClockStructInit                    0x080057cb   Thumb Code    12  stm32f4xx_usart.o(.text)
    USART_Cmd                                0x080057d7   Thumb Code    24  stm32f4xx_usart.o(.text)
    USART_SetPrescaler                       0x080057ef   Thumb Code    16  stm32f4xx_usart.o(.text)
    USART_OverSampling8Cmd                   0x080057ff   Thumb Code    22  stm32f4xx_usart.o(.text)
    USART_OneBitMethodCmd                    0x08005815   Thumb Code    24  stm32f4xx_usart.o(.text)
    USART_SendData                           0x0800582d   Thumb Code     8  stm32f4xx_usart.o(.text)
    USART_ReceiveData                        0x08005835   Thumb Code    10  stm32f4xx_usart.o(.text)
    USART_SetAddress                         0x0800583f   Thumb Code    18  stm32f4xx_usart.o(.text)
    USART_ReceiverWakeUpCmd                  0x08005851   Thumb Code    24  stm32f4xx_usart.o(.text)
    USART_WakeUpConfig                       0x08005869   Thumb Code    18  stm32f4xx_usart.o(.text)
    USART_LINBreakDetectLengthConfig         0x0800587b   Thumb Code    18  stm32f4xx_usart.o(.text)
    USART_LINCmd                             0x0800588d   Thumb Code    24  stm32f4xx_usart.o(.text)
    USART_SendBreak                          0x080058a5   Thumb Code    10  stm32f4xx_usart.o(.text)
    USART_HalfDuplexCmd                      0x080058af   Thumb Code    24  stm32f4xx_usart.o(.text)
    USART_SetGuardTime                       0x080058c7   Thumb Code    16  stm32f4xx_usart.o(.text)
    USART_SmartCardCmd                       0x080058d7   Thumb Code    24  stm32f4xx_usart.o(.text)
    USART_SmartCardNACKCmd                   0x080058ef   Thumb Code    24  stm32f4xx_usart.o(.text)
    USART_IrDAConfig                         0x08005907   Thumb Code    18  stm32f4xx_usart.o(.text)
    USART_IrDACmd                            0x08005919   Thumb Code    24  stm32f4xx_usart.o(.text)
    USART_DMACmd                             0x08005931   Thumb Code    18  stm32f4xx_usart.o(.text)
    USART_ITConfig                           0x08005943   Thumb Code    74  stm32f4xx_usart.o(.text)
    USART_GetFlagStatus                      0x0800598d   Thumb Code    26  stm32f4xx_usart.o(.text)
    USART_ClearFlag                          0x080059a7   Thumb Code    18  stm32f4xx_usart.o(.text)
    USART_GetITStatus                        0x080059b9   Thumb Code   118  stm32f4xx_usart.o(.text)
    USART_ClearITPendingBit                  0x08005a2f   Thumb Code    30  stm32f4xx_usart.o(.text)
    DCMI_DeInit                              0x08005a4d   Thumb Code    24  stm32f4xx_dcmi.o(.text)
    DCMI_Init                                0x08005a65   Thumb Code    60  stm32f4xx_dcmi.o(.text)
    DCMI_StructInit                          0x08005aa1   Thumb Code    18  stm32f4xx_dcmi.o(.text)
    DCMI_CROPConfig                          0x08005ab3   Thumb Code    26  stm32f4xx_dcmi.o(.text)
    DCMI_CROPCmd                             0x08005acd   Thumb Code    30  stm32f4xx_dcmi.o(.text)
    DCMI_SetEmbeddedSynchroCodes             0x08005aeb   Thumb Code    26  stm32f4xx_dcmi.o(.text)
    DCMI_JPEGCmd                             0x08005b05   Thumb Code    30  stm32f4xx_dcmi.o(.text)
    DCMI_Cmd                                 0x08005b23   Thumb Code    30  stm32f4xx_dcmi.o(.text)
    DCMI_CaptureCmd                          0x08005b41   Thumb Code    30  stm32f4xx_dcmi.o(.text)
    DCMI_ReadData                            0x08005b5f   Thumb Code     6  stm32f4xx_dcmi.o(.text)
    DCMI_ITConfig                            0x08005b65   Thumb Code    30  stm32f4xx_dcmi.o(.text)
    DCMI_GetFlagStatus                       0x08005b83   Thumb Code    46  stm32f4xx_dcmi.o(.text)
    DCMI_ClearFlag                           0x08005bb1   Thumb Code     6  stm32f4xx_dcmi.o(.text)
    DCMI_GetITStatus                         0x08005bb7   Thumb Code    24  stm32f4xx_dcmi.o(.text)
    DCMI_ClearITPendingBit                   0x08005bcf   Thumb Code     6  stm32f4xx_dcmi.o(.text)
    DMA_DeInit                               0x08005bd9   Thumb Code   324  stm32f4xx_dma.o(.text)
    DMA_Init                                 0x08005d1d   Thumb Code    82  stm32f4xx_dma.o(.text)
    DMA_StructInit                           0x08005d6f   Thumb Code    34  stm32f4xx_dma.o(.text)
    DMA_Cmd                                  0x08005d91   Thumb Code    22  stm32f4xx_dma.o(.text)
    DMA_PeriphIncOffsetSizeConfig            0x08005da7   Thumb Code    22  stm32f4xx_dma.o(.text)
    DMA_FlowControllerConfig                 0x08005dbd   Thumb Code    22  stm32f4xx_dma.o(.text)
    DMA_SetCurrDataCounter                   0x08005dd3   Thumb Code     4  stm32f4xx_dma.o(.text)
    DMA_GetCurrDataCounter                   0x08005dd7   Thumb Code     8  stm32f4xx_dma.o(.text)
    DMA_DoubleBufferModeConfig               0x08005ddf   Thumb Code    24  stm32f4xx_dma.o(.text)
    DMA_DoubleBufferModeCmd                  0x08005df7   Thumb Code    22  stm32f4xx_dma.o(.text)
    DMA_MemoryTargetConfig                   0x08005e0d   Thumb Code    10  stm32f4xx_dma.o(.text)
    DMA_GetCurrentMemoryTarget               0x08005e17   Thumb Code    20  stm32f4xx_dma.o(.text)
    DMA_GetCmdStatus                         0x08005e2b   Thumb Code    20  stm32f4xx_dma.o(.text)
    DMA_GetFIFOStatus                        0x08005e3f   Thumb Code    12  stm32f4xx_dma.o(.text)
    DMA_GetFlagStatus                        0x08005e4b   Thumb Code    56  stm32f4xx_dma.o(.text)
    DMA_ClearFlag                            0x08005e83   Thumb Code    40  stm32f4xx_dma.o(.text)
    DMA_ITConfig                             0x08005eab   Thumb Code    58  stm32f4xx_dma.o(.text)
    DMA_GetITStatus                          0x08005ee5   Thumb Code    84  stm32f4xx_dma.o(.text)
    DMA_ClearITPendingBit                    0x08005f39   Thumb Code    40  stm32f4xx_dma.o(.text)
    EXTI_DeInit                              0x08005f81   Thumb Code    28  stm32f4xx_exti.o(.text)
    EXTI_Init                                0x08005f9d   Thumb Code   142  stm32f4xx_exti.o(.text)
    EXTI_StructInit                          0x0800602b   Thumb Code    16  stm32f4xx_exti.o(.text)
    EXTI_GenerateSWInterrupt                 0x0800603b   Thumb Code    16  stm32f4xx_exti.o(.text)
    EXTI_GetFlagStatus                       0x0800604b   Thumb Code    22  stm32f4xx_exti.o(.text)
    EXTI_ClearFlag                           0x08006061   Thumb Code     8  stm32f4xx_exti.o(.text)
    EXTI_GetITStatus                         0x08006069   Thumb Code    22  stm32f4xx_exti.o(.text)
    EXTI_ClearITPendingBit                   0x0800607f   Thumb Code     8  stm32f4xx_exti.o(.text)
    SPI_I2S_DeInit                           0x08006091   Thumb Code   152  stm32f4xx_spi.o(.text)
    SPI_Init                                 0x08006129   Thumb Code    60  stm32f4xx_spi.o(.text)
    I2S_Init                                 0x08006165   Thumb Code   396  stm32f4xx_spi.o(.text)
    SPI_StructInit                           0x080062f1   Thumb Code    24  stm32f4xx_spi.o(.text)
    I2S_StructInit                           0x08006309   Thumb Code    20  stm32f4xx_spi.o(.text)
    SPI_Cmd                                  0x0800631d   Thumb Code    24  stm32f4xx_spi.o(.text)
    I2S_Cmd                                  0x08006335   Thumb Code    24  stm32f4xx_spi.o(.text)
    SPI_DataSizeConfig                       0x0800634d   Thumb Code    18  stm32f4xx_spi.o(.text)
    SPI_BiDirectionalLineConfig              0x0800635f   Thumb Code    28  stm32f4xx_spi.o(.text)
    SPI_NSSInternalSoftwareConfig            0x0800637b   Thumb Code    30  stm32f4xx_spi.o(.text)
    SPI_SSOutputCmd                          0x08006399   Thumb Code    24  stm32f4xx_spi.o(.text)
    SPI_TIModeCmd                            0x080063b1   Thumb Code    24  stm32f4xx_spi.o(.text)
    I2S_FullDuplexConfig                     0x080063c9   Thumb Code    80  stm32f4xx_spi.o(.text)
    SPI_I2S_ReceiveData                      0x08006419   Thumb Code     6  stm32f4xx_spi.o(.text)
    SPI_I2S_SendData                         0x0800641f   Thumb Code     4  stm32f4xx_spi.o(.text)
    SPI_CalculateCRC                         0x08006423   Thumb Code    24  stm32f4xx_spi.o(.text)
    SPI_TransmitCRC                          0x0800643b   Thumb Code    10  stm32f4xx_spi.o(.text)
    SPI_GetCRC                               0x08006445   Thumb Code    16  stm32f4xx_spi.o(.text)
    SPI_GetCRCPolynomial                     0x08006455   Thumb Code     6  stm32f4xx_spi.o(.text)
    SPI_I2S_DMACmd                           0x0800645b   Thumb Code    18  stm32f4xx_spi.o(.text)
    SPI_I2S_ITConfig                         0x0800646d   Thumb Code    68  stm32f4xx_spi.o(.text)
    SPI_I2S_GetFlagStatus                    0x080064b1   Thumb Code    18  stm32f4xx_spi.o(.text)
    SPI_I2S_ClearFlag                        0x080064c3   Thumb Code     6  stm32f4xx_spi.o(.text)
    SPI_I2S_GetITStatus                      0x080064c9   Thumb Code    52  stm32f4xx_spi.o(.text)
    SPI_I2S_ClearITPendingBit                0x080064fd   Thumb Code    20  stm32f4xx_spi.o(.text)
    TIM_DeInit                               0x08006511   Thumb Code   346  stm32f4xx_tim.o(.text)
    TIM_TimeBaseInit                         0x0800666b   Thumb Code   104  stm32f4xx_tim.o(.text)
    TIM_TimeBaseStructInit                   0x080066d3   Thumb Code    18  stm32f4xx_tim.o(.text)
    TIM_PrescalerConfig                      0x080066e5   Thumb Code     6  stm32f4xx_tim.o(.text)
    TIM_CounterModeConfig                    0x080066eb   Thumb Code    18  stm32f4xx_tim.o(.text)
    TIM_SetCounter                           0x080066fd   Thumb Code     4  stm32f4xx_tim.o(.text)
    TIM_SetAutoreload                        0x08006701   Thumb Code     4  stm32f4xx_tim.o(.text)
    TIM_GetCounter                           0x08006705   Thumb Code     6  stm32f4xx_tim.o(.text)
    TIM_GetPrescaler                         0x0800670b   Thumb Code     6  stm32f4xx_tim.o(.text)
    TIM_UpdateDisableConfig                  0x08006711   Thumb Code    24  stm32f4xx_tim.o(.text)
    TIM_UpdateRequestConfig                  0x08006729   Thumb Code    24  stm32f4xx_tim.o(.text)
    TIM_ARRPreloadConfig                     0x08006741   Thumb Code    24  stm32f4xx_tim.o(.text)
    TIM_SelectOnePulseMode                   0x08006759   Thumb Code    18  stm32f4xx_tim.o(.text)
    TIM_SetClockDivision                     0x0800676b   Thumb Code    18  stm32f4xx_tim.o(.text)
    TIM_Cmd                                  0x0800677d   Thumb Code    24  stm32f4xx_tim.o(.text)
    TIM_OC1Init                              0x08006795   Thumb Code   114  stm32f4xx_tim.o(.text)
    TIM_OC2Init                              0x08006807   Thumb Code   154  stm32f4xx_tim.o(.text)
    TIM_OC3Init                              0x080068a1   Thumb Code   204  stm32f4xx_tim.o(.text)
    TIM_OC4Init                              0x0800696d   Thumb Code   112  stm32f4xx_tim.o(.text)
    TIM_OCStructInit                         0x080069dd   Thumb Code    20  stm32f4xx_tim.o(.text)
    TIM_SelectOCxM                           0x080069f1   Thumb Code    86  stm32f4xx_tim.o(.text)
    TIM_SetCompare1                          0x08006a47   Thumb Code     4  stm32f4xx_tim.o(.text)
    TIM_SetCompare2                          0x08006a4b   Thumb Code     4  stm32f4xx_tim.o(.text)
    TIM_SetCompare3                          0x08006a4f   Thumb Code     4  stm32f4xx_tim.o(.text)
    TIM_SetCompare4                          0x08006a53   Thumb Code     4  stm32f4xx_tim.o(.text)
    TIM_ForcedOC1Config                      0x08006a57   Thumb Code    18  stm32f4xx_tim.o(.text)
    TIM_ForcedOC2Config                      0x08006a69   Thumb Code    26  stm32f4xx_tim.o(.text)
    TIM_ForcedOC3Config                      0x08006a83   Thumb Code    18  stm32f4xx_tim.o(.text)
    TIM_ForcedOC4Config                      0x08006a95   Thumb Code    26  stm32f4xx_tim.o(.text)
    TIM_OC1PreloadConfig                     0x08006aaf   Thumb Code    18  stm32f4xx_tim.o(.text)
    TIM_OC2PreloadConfig                     0x08006ac1   Thumb Code    26  stm32f4xx_tim.o(.text)
    TIM_OC3PreloadConfig                     0x08006adb   Thumb Code    18  stm32f4xx_tim.o(.text)
    TIM_OC4PreloadConfig                     0x08006aed   Thumb Code    26  stm32f4xx_tim.o(.text)
    TIM_OC1FastConfig                        0x08006b07   Thumb Code    18  stm32f4xx_tim.o(.text)
    TIM_OC2FastConfig                        0x08006b19   Thumb Code    26  stm32f4xx_tim.o(.text)
    TIM_OC3FastConfig                        0x08006b33   Thumb Code    18  stm32f4xx_tim.o(.text)
    TIM_OC4FastConfig                        0x08006b45   Thumb Code    26  stm32f4xx_tim.o(.text)
    TIM_ClearOC1Ref                          0x08006b5f   Thumb Code    18  stm32f4xx_tim.o(.text)
    TIM_ClearOC2Ref                          0x08006b71   Thumb Code    24  stm32f4xx_tim.o(.text)
    TIM_ClearOC3Ref                          0x08006b89   Thumb Code    18  stm32f4xx_tim.o(.text)
    TIM_ClearOC4Ref                          0x08006b9b   Thumb Code    24  stm32f4xx_tim.o(.text)
    TIM_OC1PolarityConfig                    0x08006bb3   Thumb Code    18  stm32f4xx_tim.o(.text)
    TIM_OC1NPolarityConfig                   0x08006bc5   Thumb Code    18  stm32f4xx_tim.o(.text)
    TIM_OC2PolarityConfig                    0x08006bd7   Thumb Code    26  stm32f4xx_tim.o(.text)
    TIM_OC2NPolarityConfig                   0x08006bf1   Thumb Code    26  stm32f4xx_tim.o(.text)
    TIM_OC3PolarityConfig                    0x08006c0b   Thumb Code    26  stm32f4xx_tim.o(.text)
    TIM_OC3NPolarityConfig                   0x08006c25   Thumb Code    26  stm32f4xx_tim.o(.text)
    TIM_OC4PolarityConfig                    0x08006c3f   Thumb Code    26  stm32f4xx_tim.o(.text)
    TIM_CCxCmd                               0x08006c59   Thumb Code    30  stm32f4xx_tim.o(.text)
    TIM_CCxNCmd                              0x08006c77   Thumb Code    30  stm32f4xx_tim.o(.text)
    TIM_SetIC4Prescaler                      0x08006c95   Thumb Code    26  stm32f4xx_tim.o(.text)
    TIM_SetIC3Prescaler                      0x08006cff   Thumb Code    18  stm32f4xx_tim.o(.text)
    TIM_SetIC2Prescaler                      0x08006d59   Thumb Code    26  stm32f4xx_tim.o(.text)
    TIM_SetIC1Prescaler                      0x08006dcd   Thumb Code    18  stm32f4xx_tim.o(.text)
    TIM_ICInit                               0x08006e19   Thumb Code   110  stm32f4xx_tim.o(.text)
    TIM_ICStructInit                         0x08006e87   Thumb Code    18  stm32f4xx_tim.o(.text)
    TIM_PWMIConfig                           0x08006e99   Thumb Code   124  stm32f4xx_tim.o(.text)
    TIM_GetCapture1                          0x08006f15   Thumb Code     6  stm32f4xx_tim.o(.text)
    TIM_GetCapture2                          0x08006f1b   Thumb Code     6  stm32f4xx_tim.o(.text)
    TIM_GetCapture3                          0x08006f21   Thumb Code     6  stm32f4xx_tim.o(.text)
    TIM_GetCapture4                          0x08006f27   Thumb Code     6  stm32f4xx_tim.o(.text)
    TIM_BDTRConfig                           0x08006f2d   Thumb Code    32  stm32f4xx_tim.o(.text)
    TIM_BDTRStructInit                       0x08006f4d   Thumb Code    18  stm32f4xx_tim.o(.text)
    TIM_CtrlPWMOutputs                       0x08006f5f   Thumb Code    30  stm32f4xx_tim.o(.text)
    TIM_SelectCOM                            0x08006f7d   Thumb Code    24  stm32f4xx_tim.o(.text)
    TIM_CCPreloadControl                     0x08006f95   Thumb Code    24  stm32f4xx_tim.o(.text)
    TIM_ITConfig                             0x08006fad   Thumb Code    18  stm32f4xx_tim.o(.text)
    TIM_GenerateEvent                        0x08006fbf   Thumb Code     4  stm32f4xx_tim.o(.text)
    TIM_GetFlagStatus                        0x08006fc3   Thumb Code    18  stm32f4xx_tim.o(.text)
    TIM_ClearFlag                            0x08006fd5   Thumb Code     6  stm32f4xx_tim.o(.text)
    TIM_GetITStatus                          0x08006fdb   Thumb Code    34  stm32f4xx_tim.o(.text)
    TIM_ClearITPendingBit                    0x08006ffd   Thumb Code     6  stm32f4xx_tim.o(.text)
    TIM_DMAConfig                            0x08007003   Thumb Code    10  stm32f4xx_tim.o(.text)
    TIM_DMACmd                               0x0800700d   Thumb Code    18  stm32f4xx_tim.o(.text)
    TIM_SelectCCDMA                          0x0800701f   Thumb Code    24  stm32f4xx_tim.o(.text)
    TIM_InternalClockConfig                  0x08007037   Thumb Code    12  stm32f4xx_tim.o(.text)
    TIM_SelectInputTrigger                   0x08007043   Thumb Code    18  stm32f4xx_tim.o(.text)
    TIM_ITRxExternalClockConfig              0x08007055   Thumb Code    24  stm32f4xx_tim.o(.text)
    TIM_TIxExternalClockConfig               0x0800706d   Thumb Code    62  stm32f4xx_tim.o(.text)
    TIM_ETRConfig                            0x080070ab   Thumb Code    28  stm32f4xx_tim.o(.text)
    TIM_ETRClockMode1Config                  0x080070c7   Thumb Code    54  stm32f4xx_tim.o(.text)
    TIM_ETRClockMode2Config                  0x080070fd   Thumb Code    32  stm32f4xx_tim.o(.text)
    TIM_SelectOutputTrigger                  0x0800711d   Thumb Code    18  stm32f4xx_tim.o(.text)
    TIM_SelectSlaveMode                      0x0800712f   Thumb Code    18  stm32f4xx_tim.o(.text)
    TIM_SelectMasterSlaveMode                0x08007141   Thumb Code    18  stm32f4xx_tim.o(.text)
    TIM_EncoderInterfaceConfig               0x08007153   Thumb Code    66  stm32f4xx_tim.o(.text)
    TIM_SelectHallSensor                     0x08007195   Thumb Code    24  stm32f4xx_tim.o(.text)
    TIM_RemapConfig                          0x080071ad   Thumb Code     6  stm32f4xx_tim.o(.text)
    __use_no_semihosting                     0x080071b3   Thumb Code     2  use_no_semi_2.o(.text)
    __aeabi_memcpy4                          0x080071b5   Thumb Code     0  rt_memcpy_w.o(.text)
    __aeabi_memcpy8                          0x080071b5   Thumb Code     0  rt_memcpy_w.o(.text)
    __rt_memcpy_w                            0x080071b5   Thumb Code   100  rt_memcpy_w.o(.text)
    _memcpy_lastbytes_aligned                0x080071fd   Thumb Code     0  rt_memcpy_w.o(.text)
    __use_two_region_memory                  0x08007219   Thumb Code     2  heapauxi.o(.text)
    __rt_heap_escrow$2region                 0x0800721b   Thumb Code     2  heapauxi.o(.text)
    __rt_heap_expand$2region                 0x0800721d   Thumb Code     2  heapauxi.o(.text)
    __I$use$semihosting                      0x0800721f   Thumb Code     0  use_no_semi.o(.text)
    __use_no_semihosting_swi                 0x0800721f   Thumb Code     2  use_no_semi.o(.text)
    __user_libspace                          0x08007221   Thumb Code     8  libspace.o(.text)
    __user_perproc_libspace                  0x08007221   Thumb Code     0  libspace.o(.text)
    __user_perthread_libspace                0x08007221   Thumb Code     0  libspace.o(.text)
    __user_setup_stackheap                   0x08007229   Thumb Code    74  sys_stackheap_outer.o(.text)
    exit                                     0x08007273   Thumb Code    12  exit.o(.text)
    __aeabi_dneg                             0x0800727f   Thumb Code     0  basic.o(x$fpl$basic)
    _dneg                                    0x0800727f   Thumb Code     6  basic.o(x$fpl$basic)
    __aeabi_fneg                             0x08007285   Thumb Code     0  basic.o(x$fpl$basic)
    _fneg                                    0x08007285   Thumb Code     6  basic.o(x$fpl$basic)
    _dabs                                    0x0800728b   Thumb Code     6  basic.o(x$fpl$basic)
    _fabs                                    0x08007291   Thumb Code     6  basic.o(x$fpl$basic)
    __aeabi_d2f                              0x08007299   Thumb Code     0  d2f.o(x$fpl$d2f)
    _d2f                                     0x08007299   Thumb Code    98  d2f.o(x$fpl$d2f)
    __aeabi_dadd                             0x080072fd   Thumb Code     0  daddsub_clz.o(x$fpl$dadd)
    _dadd                                    0x080072fd   Thumb Code   332  daddsub_clz.o(x$fpl$dadd)
    __fpl_dcmp_Inf                           0x0800744d   Thumb Code    24  dcmpi.o(x$fpl$dcmpinf)
    __aeabi_ddiv                             0x08007465   Thumb Code     0  ddiv.o(x$fpl$ddiv)
    _ddiv                                    0x08007465   Thumb Code   552  ddiv.o(x$fpl$ddiv)
    __aeabi_cdcmpeq                          0x08007715   Thumb Code     0  deqf.o(x$fpl$deqf)
    _dcmpeq                                  0x08007715   Thumb Code   120  deqf.o(x$fpl$deqf)
    __aeabi_d2iz                             0x0800778d   Thumb Code     0  dfix.o(x$fpl$dfix)
    _dfix                                    0x0800778d   Thumb Code    94  dfix.o(x$fpl$dfix)
    __aeabi_d2uiz                            0x080077ed   Thumb Code     0  dfixu.o(x$fpl$dfixu)
    _dfixu                                   0x080077ed   Thumb Code    90  dfixu.o(x$fpl$dfixu)
    __aeabi_i2d                              0x08007847   Thumb Code     0  dflt_clz.o(x$fpl$dflt)
    _dflt                                    0x08007847   Thumb Code    46  dflt_clz.o(x$fpl$dflt)
    __aeabi_cdcmple                          0x08007875   Thumb Code     0  dleqf.o(x$fpl$dleqf)
    _dcmple                                  0x08007875   Thumb Code   120  dleqf.o(x$fpl$dleqf)
    __fpl_dcmple_InfNaN                      0x080078d7   Thumb Code     0  dleqf.o(x$fpl$dleqf)
    __aeabi_dmul                             0x080078ed   Thumb Code     0  dmul.o(x$fpl$dmul)
    _dmul                                    0x080078ed   Thumb Code   332  dmul.o(x$fpl$dmul)
    __fpl_dnaninf                            0x08007a41   Thumb Code   156  dnaninf.o(x$fpl$dnaninf)
    __fpl_dretinf                            0x08007add   Thumb Code    12  dretinf.o(x$fpl$dretinf)
    __aeabi_dsub                             0x08007ae9   Thumb Code     0  daddsub_clz.o(x$fpl$dsub)
    _dsub                                    0x08007ae9   Thumb Code   464  daddsub_clz.o(x$fpl$dsub)
    __aeabi_f2d                              0x08007cbd   Thumb Code     0  f2d.o(x$fpl$f2d)
    _f2d                                     0x08007cbd   Thumb Code    86  f2d.o(x$fpl$f2d)
    __fpl_fnaninf                            0x08007d13   Thumb Code   140  fnaninf.o(x$fpl$fnaninf)
    _fp_init                                 0x08007d9f   Thumb Code    10  fpinit.o(x$fpl$fpinit)
    __fplib_config_fpu_vfp                   0x08007da7   Thumb Code     0  fpinit.o(x$fpl$fpinit)
    __fplib_config_pureend_doubles           0x08007da7   Thumb Code     0  fpinit.o(x$fpl$fpinit)
    __fpl_fretinf                            0x08007da9   Thumb Code    10  fretinf.o(x$fpl$fretinf)
    __I$use$fp                               0x08007db2   Number         0  usenofp.o(x$fpl$usenofp)
    F8X16                                    0x08007db4   Data        1520  oled.o(.constdata)
    F6x8                                     0x080083a4   Data         552  oled.o(.constdata)
    TX_ADDRESS                               0x080085e0   Data           5  nrf24l01.o(.constdata)
    RX_ADDRESS                               0x080085e5   Data           5  nrf24l01.o(.constdata)
    Region$$Table$$Base                      0x080085ec   Number         0  anon$$obj.o(Region$$Table)
    Region$$Table$$Limit                     0x0800860c   Number         0  anon$$obj.o(Region$$Table)
    SystemCoreClock                          0x20000000   Data           4  system_stm32f4xx.o(.data)
    AHBPrescTable                            0x20000004   Data          16  system_stm32f4xx.o(.data)
    ImgControl                               0x20000014   Data           6  dcmi.o(.data)
    ov7620_reg                               0x2000001a   Data          16  dcmi.o(.data)
    cfgnum                                   0x2000002a   Data           1  dcmi.o(.data)
    pid_left                                 0x2000002c   Data           4  qei.o(.data)
    pid_right                                0x20000030   Data           4  qei.o(.data)
    L_fPreDelta                              0x20000034   Data           4  qei.o(.data)
    L_fDelta                                 0x20000038   Data           4  qei.o(.data)
    L_fP                                     0x2000003c   Data           4  qei.o(.data)
    L_fI                                     0x20000040   Data           4  qei.o(.data)
    L_fD                                     0x20000044   Data           4  qei.o(.data)
    R_fPreDelta                              0x20000048   Data           4  qei.o(.data)
    R_fDelta                                 0x2000004c   Data           4  qei.o(.data)
    R_fP                                     0x20000050   Data           4  qei.o(.data)
    R_fI                                     0x20000054   Data           4  qei.o(.data)
    R_fD                                     0x20000058   Data           4  qei.o(.data)
    fPreDelta                                0x2000005c   Data           4  qei.o(.data)
    fDelta                                   0x20000060   Data           4  qei.o(.data)
    fP                                       0x20000064   Data           4  qei.o(.data)
    fI                                       0x20000068   Data           4  qei.o(.data)
    fD                                       0x2000006c   Data           4  qei.o(.data)
    fLeftVal                                 0x20000070   Data           4  qei.o(.data)
    fRightVal                                0x20000074   Data           4  qei.o(.data)
    Half_Sec                                 0x20000081   Data           1  timer.o(.data)
    Cir_time                                 0x20000082   Data           1  timer.o(.data)
    SysRunSecond                             0x20000084   Data           4  timer.o(.data)
    Key_Start                                0x20000088   Data           1  timer.o(.data)
    Now_Time                                 0x2000008c   Data           4  timer.o(.data)
    tmp_buf                                  0x20000090   Data           4  timer.o(.data)
    buff2                                    0x20000094   Data           4  timer.o(.data)
    buff3                                    0x20000098   Data           4  timer.o(.data)
    a                                        0x2000009c   Data           4  timer.o(.data)
    Key_Number                               0x200000a0   Data           2  key2oled.o(.data)
    Key_Down_Right                           0x200000a2   Data           2  key2oled.o(.data)
    Task_ShowCarry                           0x200000a4   Data          64  key2oled.o(.data)
    ultra_count                              0x200000e4   Data           4  ultrasonic.o(.data)
    distance                                 0x200000e8   Data           4  ultrasonic.o(.data)
    RS485_RX_CNT                             0x200000ec   Data           1  rs485.o(.data)
    buff4                                    0x200000f0   Data           4  rs485.o(.data)
    Function_1_Flag                          0x200000f4   Data           1  invert_pend.o(.data)
    Function_2_Flag                          0x200000f5   Data           1  invert_pend.o(.data)
    Function_4_Flag                          0x200000f6   Data           1  invert_pend.o(.data)
    EncoderPID_fPreDelta                     0x200000f8   Data           4  invert_pend.o(.data)
    EncoderPID_fDelta                        0x200000fc   Data           4  invert_pend.o(.data)
    EncoderPID_fp                            0x20000100   Data           4  invert_pend.o(.data)
    EncoderPID_fI                            0x20000104   Data           4  invert_pend.o(.data)
    EncoderPID_fD                            0x20000108   Data           4  invert_pend.o(.data)
    Function_4_Time                          0x2000010c   Data           1  invert_pend.o(.data)
    Task_Invert_Pend_Carry                   0x20000110   Data          28  invert_pend.o(.data)
    __stdout                                 0x20000130   Data           4  usart.o(.data)
    USART_RX_STA                             0x20000134   Data           2  usart.o(.data)
    Image                                    0x20000148   Data       48000  dcmi.o(.bss)
    MyPWMManage                              0x2000bcc8   Data          32  pwm.o(.bss)
    PID_Left                                 0x2000bce8   Data          48  qei.o(.bss)
    PID_Right                                0x2000bd18   Data          48  qei.o(.bss)
    LeftSpeedCtr                             0x2000bd48   Data          36  qei.o(.bss)
    RightSpeedCtr                            0x2000bd6c   Data          36  qei.o(.bss)
    LeftAngleCtr                             0x2000bd90   Data          36  qei.o(.bss)
    RightAngleCtr                            0x2000bdb4   Data          36  qei.o(.bss)
    SpeedCtr                                 0x2000bdd8   Data          36  qei.o(.bss)
    UartBuff                                 0x2000be00   Data          71  uartlink.o(.bss)
    UartTractr                               0x2000be47   Data           9  uartlink.o(.bss)
    UartData                                 0x2000be50   Data          72  uartlink.o(.bss)
    SerialPortRx                             0x2000be98   Data         108  uartlink.o(.bss)
    KEY_MSG_FIFO                             0x2000bf04   Data          32  key_matrix.o(.bss)
    Key_Press_Time                           0x2000bf24   Data          64  key_matrix.o(.bss)
    Key_Flag                                 0x2000bf64   Data          16  key2oled.o(.bss)
    Ultra_Dis                                0x2000bf74   Data          20  ultrasonic.o(.bss)
    RS485_RX_BUF                             0x2000bf88   Data          16  rs485.o(.bss)
    Encoder_PID                              0x2000bf98   Data          80  invert_pend.o(.bss)
    USART_RX_BUF                             0x2000bfe8   Data         200  usart.o(.bss)
    __libspace_start                         0x2000c0b0   Data          96  libspace.o(.bss)
    __temporary_stack_top$libspace           0x2000c110   Data           0  libspace.o(.bss)



==============================================================================

Memory Map of the image

  Image Entry point : 0x08000189

  Load Region LR_IROM1 (Base: 0x08000000, Size: 0x00008754, Max: 0x00100000, ABSOLUTE, COMPRESSED[0x00008698])

    Execution Region ER_IROM1 (Base: 0x08000000, Size: 0x0000860c, Max: 0x00100000, ABSOLUTE)

    Base Addr    Size         Type   Attr      Idx    E Section Name        Object

    0x08000000   0x00000188   Data   RO          989    RESET               startup_stm32f40_41xxx.o
    0x08000188   0x00000008   Code   RO         1705  * !!!main             c_w.l(__main.o)
    0x08000190   0x00000034   Code   RO         1984    !!!scatter          c_w.l(__scatter.o)
    0x080001c4   0x0000005a   Code   RO         1982    !!dczerorl2         c_w.l(__dczerorl2.o)
    0x0800021e   0x00000002   PAD
    0x08000220   0x0000001c   Code   RO         1986    !!handler_zi        c_w.l(__scatter_zi.o)
    0x0800023c   0x00000002   Code   RO         1856    .ARM.Collect$$libinit$$00000000  c_w.l(libinit.o)
    0x0800023e   0x00000004   Code   RO         1863    .ARM.Collect$$libinit$$00000001  c_w.l(libinit2.o)
    0x08000242   0x00000000   Code   RO         1866    .ARM.Collect$$libinit$$00000004  c_w.l(libinit2.o)
    0x08000242   0x00000000   Code   RO         1869    .ARM.Collect$$libinit$$0000000A  c_w.l(libinit2.o)
    0x08000242   0x00000000   Code   RO         1871    .ARM.Collect$$libinit$$0000000C  c_w.l(libinit2.o)
    0x08000242   0x00000000   Code   RO         1873    .ARM.Collect$$libinit$$0000000E  c_w.l(libinit2.o)
    0x08000242   0x00000000   Code   RO         1876    .ARM.Collect$$libinit$$00000011  c_w.l(libinit2.o)
    0x08000242   0x00000000   Code   RO         1878    .ARM.Collect$$libinit$$00000013  c_w.l(libinit2.o)
    0x08000242   0x00000000   Code   RO         1880    .ARM.Collect$$libinit$$00000015  c_w.l(libinit2.o)
    0x08000242   0x00000000   Code   RO         1882    .ARM.Collect$$libinit$$00000017  c_w.l(libinit2.o)
    0x08000242   0x00000000   Code   RO         1884    .ARM.Collect$$libinit$$00000019  c_w.l(libinit2.o)
    0x08000242   0x00000000   Code   RO         1886    .ARM.Collect$$libinit$$0000001B  c_w.l(libinit2.o)
    0x08000242   0x00000000   Code   RO         1888    .ARM.Collect$$libinit$$0000001D  c_w.l(libinit2.o)
    0x08000242   0x00000000   Code   RO         1890    .ARM.Collect$$libinit$$0000001F  c_w.l(libinit2.o)
    0x08000242   0x00000000   Code   RO         1892    .ARM.Collect$$libinit$$00000021  c_w.l(libinit2.o)
    0x08000242   0x00000000   Code   RO         1894    .ARM.Collect$$libinit$$00000023  c_w.l(libinit2.o)
    0x08000242   0x00000000   Code   RO         1896    .ARM.Collect$$libinit$$00000025  c_w.l(libinit2.o)
    0x08000242   0x00000000   Code   RO         1900    .ARM.Collect$$libinit$$0000002C  c_w.l(libinit2.o)
    0x08000242   0x00000000   Code   RO         1902    .ARM.Collect$$libinit$$0000002E  c_w.l(libinit2.o)
    0x08000242   0x00000000   Code   RO         1904    .ARM.Collect$$libinit$$00000030  c_w.l(libinit2.o)
    0x08000242   0x00000000   Code   RO         1906    .ARM.Collect$$libinit$$00000032  c_w.l(libinit2.o)
    0x08000242   0x00000002   Code   RO         1907    .ARM.Collect$$libinit$$00000033  c_w.l(libinit2.o)
    0x08000244   0x00000002   Code   RO         1935    .ARM.Collect$$libshutdown$$00000000  c_w.l(libshutdown.o)
    0x08000246   0x00000000   Code   RO         1950    .ARM.Collect$$libshutdown$$00000003  c_w.l(libshutdown2.o)
    0x08000246   0x00000000   Code   RO         1953    .ARM.Collect$$libshutdown$$00000006  c_w.l(libshutdown2.o)
    0x08000246   0x00000000   Code   RO         1956    .ARM.Collect$$libshutdown$$00000009  c_w.l(libshutdown2.o)
    0x08000246   0x00000000   Code   RO         1958    .ARM.Collect$$libshutdown$$0000000B  c_w.l(libshutdown2.o)
    0x08000246   0x00000000   Code   RO         1961    .ARM.Collect$$libshutdown$$0000000E  c_w.l(libshutdown2.o)
    0x08000246   0x00000002   Code   RO         1962    .ARM.Collect$$libshutdown$$0000000F  c_w.l(libshutdown2.o)
    0x08000248   0x00000000   Code   RO         1765    .ARM.Collect$$rtentry$$00000000  c_w.l(__rtentry.o)
    0x08000248   0x00000000   Code   RO         1813    .ARM.Collect$$rtentry$$00000002  c_w.l(__rtentry2.o)
    0x08000248   0x00000006   Code   RO         1825    .ARM.Collect$$rtentry$$00000004  c_w.l(__rtentry4.o)
    0x0800024e   0x00000000   Code   RO         1815    .ARM.Collect$$rtentry$$00000009  c_w.l(__rtentry2.o)
    0x0800024e   0x00000004   Code   RO         1816    .ARM.Collect$$rtentry$$0000000A  c_w.l(__rtentry2.o)
    0x08000252   0x00000000   Code   RO         1818    .ARM.Collect$$rtentry$$0000000C  c_w.l(__rtentry2.o)
    0x08000252   0x00000008   Code   RO         1819    .ARM.Collect$$rtentry$$0000000D  c_w.l(__rtentry2.o)
    0x0800025a   0x00000002   Code   RO         1857    .ARM.Collect$$rtexit$$00000000  c_w.l(rtexit.o)
    0x0800025c   0x00000000   Code   RO         1909    .ARM.Collect$$rtexit$$00000002  c_w.l(rtexit2.o)
    0x0800025c   0x00000004   Code   RO         1910    .ARM.Collect$$rtexit$$00000003  c_w.l(rtexit2.o)
    0x08000260   0x00000006   Code   RO         1911    .ARM.Collect$$rtexit$$00000004  c_w.l(rtexit2.o)
    0x08000266   0x00000002   PAD
    0x08000268   0x00000120   Code   RO            3    .text               main.o
    0x08000388   0x0000001a   Code   RO          235    .text               stm32f4xx_it.o
    0x080003a2   0x00000002   PAD
    0x080003a4   0x00000210   Code   RO          255    .text               system_stm32f4xx.o
    0x080005b4   0x0000003c   Code   RO          281    .text               led.o
    0x080005f0   0x00000508   Code   RO          380    .text               dcmi.o
    0x08000af8   0x00000034   Code   RO          519    .text               mynvic.o
    0x08000b2c   0x00000b14   Code   RO          539    .text               oled.o
    0x08001640   0x00000168   Code   RO          569    .text               pwm.o
    0x080017a8   0x00000fcc   Code   RO          595    .text               qei.o
    0x08002774   0x00000170   Code   RO          682    .text               timer.o
    0x080028e4   0x000009c8   Code   RO          713    .text               uartlink.o
    0x080032ac   0x00000218   Code   RO          745    .text               key_matrix.o
    0x080034c4   0x0000022c   Code   RO          778    .text               key2oled.o
    0x080036f0   0x000001f0   Code   RO          813    .text               ultrasonic.o
    0x080038e0   0x0000043c   Code   RO          837    .text               nrf24l01.o
    0x08003d1c   0x0000012c   Code   RO          860    .text               rs485.o
    0x08003e48   0x00000ab4   Code   RO          887    .text               invert_pend.o
    0x080048fc   0x00000104   Code   RO          918    .text               delay.o
    0x08004a00   0x00000154   Code   RO          958    .text               usart.o
    0x08004b54   0x00000040   Code   RO          990    .text               startup_stm32f40_41xxx.o
    0x08004b94   0x000000e0   Code   RO          996    .text               misc.o
    0x08004c74   0x00000294   Code   RO         1016    .text               stm32f4xx_gpio.o
    0x08004f08   0x0000065c   Code   RO         1036    .text               stm32f4xx_rcc.o
    0x08005564   0x00000094   Code   RO         1058    .text               stm32f4xx_syscfg.o
    0x080055f8   0x00000454   Code   RO         1078    .text               stm32f4xx_usart.o
    0x08005a4c   0x0000018c   Code   RO         1258    .text               stm32f4xx_dcmi.o
    0x08005bd8   0x000003a8   Code   RO         1278    .text               stm32f4xx_dma.o
    0x08005f80   0x00000110   Code   RO         1321    .text               stm32f4xx_exti.o
    0x08006090   0x00000480   Code   RO         1633    .text               stm32f4xx_spi.o
    0x08006510   0x00000ca2   Code   RO         1653    .text               stm32f4xx_tim.o
    0x080071b2   0x00000002   Code   RO         1693    .text               c_w.l(use_no_semi_2.o)
    0x080071b4   0x00000064   Code   RO         1699    .text               c_w.l(rt_memcpy_w.o)
    0x08007218   0x00000006   Code   RO         1703    .text               c_w.l(heapauxi.o)
    0x0800721e   0x00000002   Code   RO         1763    .text               c_w.l(use_no_semi.o)
    0x08007220   0x00000008   Code   RO         1842    .text               c_w.l(libspace.o)
    0x08007228   0x0000004a   Code   RO         1845    .text               c_w.l(sys_stackheap_outer.o)
    0x08007272   0x0000000c   Code   RO         1849    .text               c_w.l(exit.o)
    0x0800727e   0x00000018   Code   RO         1707    x$fpl$basic         fz_wm.l(basic.o)
    0x08007296   0x00000002   PAD
    0x08007298   0x00000062   Code   RO         1709    x$fpl$d2f           fz_wm.l(d2f.o)
    0x080072fa   0x00000002   PAD
    0x080072fc   0x00000150   Code   RO         1711    x$fpl$dadd          fz_wm.l(daddsub_clz.o)
    0x0800744c   0x00000018   Code   RO         1772    x$fpl$dcmpinf       fz_wm.l(dcmpi.o)
    0x08007464   0x000002b0   Code   RO         1718    x$fpl$ddiv          fz_wm.l(ddiv.o)
    0x08007714   0x00000078   Code   RO         1721    x$fpl$deqf          fz_wm.l(deqf.o)
    0x0800778c   0x0000005e   Code   RO         1723    x$fpl$dfix          fz_wm.l(dfix.o)
    0x080077ea   0x00000002   PAD
    0x080077ec   0x0000005a   Code   RO         1727    x$fpl$dfixu         fz_wm.l(dfixu.o)
    0x08007846   0x0000002e   Code   RO         1732    x$fpl$dflt          fz_wm.l(dflt_clz.o)
    0x08007874   0x00000078   Code   RO         1737    x$fpl$dleqf         fz_wm.l(dleqf.o)
    0x080078ec   0x00000154   Code   RO         1739    x$fpl$dmul          fz_wm.l(dmul.o)
    0x08007a40   0x0000009c   Code   RO         1774    x$fpl$dnaninf       fz_wm.l(dnaninf.o)
    0x08007adc   0x0000000c   Code   RO         1776    x$fpl$dretinf       fz_wm.l(dretinf.o)
    0x08007ae8   0x000001d4   Code   RO         1713    x$fpl$dsub          fz_wm.l(daddsub_clz.o)
    0x08007cbc   0x00000056   Code   RO         1743    x$fpl$f2d           fz_wm.l(f2d.o)
    0x08007d12   0x0000008c   Code   RO         1778    x$fpl$fnaninf       fz_wm.l(fnaninf.o)
    0x08007d9e   0x0000000a   Code   RO         1923    x$fpl$fpinit        fz_wm.l(fpinit.o)
    0x08007da8   0x0000000a   Code   RO         1780    x$fpl$fretinf       fz_wm.l(fretinf.o)
    0x08007db2   0x00000000   Code   RO         1782    x$fpl$usenofp       fz_wm.l(usenofp.o)
    0x08007db2   0x00000002   PAD
    0x08007db4   0x0000082c   Data   RO          540    .constdata          oled.o
    0x080085e0   0x0000000a   Data   RO          838    .constdata          nrf24l01.o
    0x080085ea   0x00000002   PAD
    0x080085ec   0x00000020   Data   RO         1980    Region$$Table       anon$$obj.o


    Execution Region RW_IRAM1 (Base: 0x20000000, Size: 0x0000c710, Max: 0x00020000, ABSOLUTE, COMPRESSED[0x0000008c])

    Base Addr    Size         Type   Attr      Idx    E Section Name        Object

    0x20000000   0x00000014   Data   RW          256    .data               system_stm32f4xx.o
    0x20000014   0x00000017   Data   RW          382    .data               dcmi.o
    0x2000002b   0x00000001   PAD
    0x2000002c   0x0000004c   Data   RW          597    .data               qei.o
    0x20000078   0x00000028   Data   RW          683    .data               timer.o
    0x200000a0   0x00000044   Data   RW          780    .data               key2oled.o
    0x200000e4   0x00000008   Data   RW          815    .data               ultrasonic.o
    0x200000ec   0x00000008   Data   RW          862    .data               rs485.o
    0x200000f4   0x00000038   Data   RW          889    .data               invert_pend.o
    0x2000012c   0x00000004   Data   RW          919    .data               delay.o
    0x20000130   0x00000006   Data   RW          960    .data               usart.o
    0x20000136   0x00000010   Data   RW         1037    .data               stm32f4xx_rcc.o
    0x20000146   0x00000002   PAD
    0x20000148   0x0000bb80   Zero   RW          381    .bss                dcmi.o
    0x2000bcc8   0x00000020   Zero   RW          570    .bss                pwm.o
    0x2000bce8   0x00000114   Zero   RW          596    .bss                qei.o
    0x2000bdfc   0x00000004   PAD
    0x2000be00   0x00000104   Zero   RW          714    .bss                uartlink.o
    0x2000bf04   0x00000060   Zero   RW          746    .bss                key_matrix.o
    0x2000bf64   0x00000010   Zero   RW          779    .bss                key2oled.o
    0x2000bf74   0x00000014   Zero   RW          814    .bss                ultrasonic.o
    0x2000bf88   0x00000010   Zero   RW          861    .bss                rs485.o
    0x2000bf98   0x00000050   Zero   RW          888    .bss                invert_pend.o
    0x2000bfe8   0x000000c8   Zero   RW          959    .bss                usart.o
    0x2000c0b0   0x00000060   Zero   RW         1843    .bss                c_w.l(libspace.o)
    0x2000c110   0x00000200   Zero   RW          988    HEAP                startup_stm32f40_41xxx.o
    0x2000c310   0x00000400   Zero   RW          987    STACK               startup_stm32f40_41xxx.o


==============================================================================

Image component sizes


      Code (inc. data)   RO Data    RW Data    ZI Data      Debug   Object Name

      1288         56          0         23      48000       5869   dcmi.o
       260          8          0          4          0       1537   delay.o
         0          0          0          0          0        704   iic.o
      2740        210          0         56         80       5320   invert_pend.o
       556         84          0         68         16       3887   key2oled.o
       536         16          0          0         96       3687   key_matrix.o
        60          4          0          0          0     232211   led.o
       288         30          0          0          0      82708   main.o
       224         20          0          0          0       1921   misc.o
        52          0          0          0          0        794   mynvic.o
      1084         40         10          0          0       4660   nrf24l01.o
      2836         40       2092          0          0      11327   oled.o
       360         12          0          0         32       1988   pwm.o
      4044        310          0         76        276       7547   qei.o
       300         22          0          8         16       1665   rs485.o
        64         26        392          0       1536        868   startup_stm32f40_41xxx.o
       396          4          0          0          0       3562   stm32f4xx_dcmi.o
       936         32          0          0          0       6393   stm32f4xx_dma.o
       272         10          0          0          0       2367   stm32f4xx_exti.o
       660         44          0          0          0       4197   stm32f4xx_gpio.o
        26          0          0          0          0       1274   stm32f4xx_it.o
      1628         52          0         16          0      13036   stm32f4xx_rcc.o
      1152         36          0          0          0       6945   stm32f4xx_spi.o
       148         12          0          0          0       1897   stm32f4xx_syscfg.o
      3234         60          0          0          0      22400   stm32f4xx_tim.o
      1108         34          0          0          0       7896   stm32f4xx_usart.o
       528         46          0         20          0       1931   system_stm32f4xx.o
       368         28          0         40          0       2593   timer.o
      2504        122          0          0        260       7256   uartlink.o
       496         46          0          8         20       2404   ultrasonic.o
       340         18          0          6        200       3486   usart.o

    ----------------------------------------------------------------------
     28490       1422       2528        328      50536     454330   Object Totals
         0          0         32          0          0          0   (incl. Generated)
         2          0          2          3          4          0   (incl. Padding)

    ----------------------------------------------------------------------

      Code (inc. data)   RO Data    RW Data    ZI Data      Debug   Library Member Name

        90          0          0          0          0          0   __dczerorl2.o
         8          0          0          0          0         68   __main.o
         0          0          0          0          0          0   __rtentry.o
        12          0          0          0          0          0   __rtentry2.o
         6          0          0          0          0          0   __rtentry4.o
        52          8          0          0          0          0   __scatter.o
        28          0          0          0          0          0   __scatter_zi.o
        12          0          0          0          0         72   exit.o
         6          0          0          0          0        152   heapauxi.o
         2          0          0          0          0          0   libinit.o
         6          0          0          0          0          0   libinit2.o
         2          0          0          0          0          0   libshutdown.o
         2          0          0          0          0          0   libshutdown2.o
         8          4          0          0         96         68   libspace.o
       100          0          0          0          0         80   rt_memcpy_w.o
         2          0          0          0          0          0   rtexit.o
        10          0          0          0          0          0   rtexit2.o
        74          0          0          0          0         80   sys_stackheap_outer.o
         2          0          0          0          0         68   use_no_semi.o
         2          0          0          0          0         68   use_no_semi_2.o
        24          0          0          0          0        164   basic.o
        98          4          0          0          0        140   d2f.o
       804         16          0          0          0        368   daddsub_clz.o
        24          0          0          0          0        116   dcmpi.o
       688        140          0          0          0        256   ddiv.o
       120          4          0          0          0        140   deqf.o
        94          4          0          0          0        140   dfix.o
        90          4          0          0          0        140   dfixu.o
        46          0          0          0          0        116   dflt_clz.o
       120          4          0          0          0        140   dleqf.o
       340         12          0          0          0        152   dmul.o
       156          4          0          0          0        140   dnaninf.o
        12          0          0          0          0        116   dretinf.o
        86          4          0          0          0        132   f2d.o
       140          4          0          0          0        132   fnaninf.o
        10          0          0          0          0        116   fpinit.o
        10          0          0          0          0        116   fretinf.o
         0          0          0          0          0          0   usenofp.o

    ----------------------------------------------------------------------
      3298        212          0          0         96       3280   Library Totals
        12          0          0          0          0          0   (incl. Padding)

    ----------------------------------------------------------------------

      Code (inc. data)   RO Data    RW Data    ZI Data      Debug   Library Name

       424         12          0          0         96        656   c_w.l
      2862        200          0          0          0       2624   fz_wm.l

    ----------------------------------------------------------------------
      3298        212          0          0         96       3280   Library Totals

    ----------------------------------------------------------------------

==============================================================================


      Code (inc. data)   RO Data    RW Data    ZI Data      Debug   

     31788       1634       2528        328      50632     449402   Grand Totals
     31788       1634       2528        140      50632     449402   ELF Image Totals (compressed)
     31788       1634       2528        140          0          0   ROM Totals

==============================================================================

    Total RO  Size (Code + RO Data)                34316 (  33.51kB)
    Total RW  Size (RW Data + ZI Data)             50960 (  49.77kB)
    Total ROM Size (Code + RO Data + RW Data)      34456 (  33.65kB)

==============================================================================

