<html>
<body>
<pre>
<h1>礦ision Build Log</h1>
<h2>Tool Versions:</h2>
IDE-Version: μVision V5.13.0.0
Copyright (C) 2014 ARM Ltd and ARM Germany GmbH. All rights reserved.
License Information: shi liu, wuhan, LIC=ATTCX-H2AA1-M95GG-V1P2H-JTC5Y-MY3V7
 
Tool Versions:
Toolchain:       MDK-ARM Standard  Version: 5.13.0.0
Toolchain Path:  D:\keil5\software\ARM\ARMCC\Bin
C Compiler:      Armcc.exe V5.05 update 1 (build 106)
Assembler:       Armasm.exe V5.05 update 1 (build 106)
Linker/Locator:  ArmLink.exe V5.05 update 1 (build 106)
Library Manager: ArmAr.exe V5.05 update 1 (build 106)
Hex Converter:   FromElf.exe V5.05 update 1 (build 106)
CPU DLL:         SARMCM3.DLL V5.13.0.0
Dialog DLL:      DCM.DLL V1.13.1.0
Target DLL:      Segger\JL2CM3.dll V2.99.11.0
Dialog DLL:      TCM.DLL V1.14.4.0
 
<h2>Project:</h2>
E:\competition\电子设计大赛国赛\2013年国赛----倒立摆\国赛(5.30)\国赛(5.19)\USER\LED.uvprojx
Project File Date:  05/23/2015

<h2>Output:</h2>
Build target 'LED'
compiling Invert_Pend.c...
..\HARDWARE\Invert_Pend\Invert_Pend.c(280): warning:  #1035-D: single-precision operand implicitly converted to double-precision
        LeftAngleCtr.Angle = (float)LeftSpeedCtr.Cnt  * MOTOR_ANGLE_CONSTANT_LEFT + LeftAngleCtr.PreAngle;
..\HARDWARE\Invert_Pend\Invert_Pend.c: 1 warning, 0 errors
linking...
Program Size: Code=31788 RO-data=2528 RW-data=328 ZI-data=50632  
FromELF: creating hex file...
"..\OBJ\LED.axf" - 0 Error(s), 1 Warning(s).

<h2>Collection of Component include folders:</h2>
  E:\competition\电子设计大赛国赛\2013年国赛----倒立摆\国赛(5.30)\国赛(5.19)\USER\RTE
  D:\keil5\software\Keil\STM32F4xx_DFP\2.4.0

<h2>Collection of Component Files used:</h2>
</pre>
</body>
</html>
